Archive member included to satisfy reference by file (symbol)

C:/ST/STM32CubeIDE_1.16.0/STM32CubeIDE/plugins/com.st.stm32cube.ide.mcu.externaltools.gnu-tools-for-stm32.12.3.rel1.win32_1.0.200.202406191623/tools/bin/../lib/gcc/arm-none-eabi/12.3.1/../../../../arm-none-eabi/lib/thumb/v7e-m+fp/hard\libc_nano.a(libc_a-exit.o)
                              C:/ST/STM32CubeIDE_1.16.0/STM32CubeIDE/plugins/com.st.stm32cube.ide.mcu.externaltools.gnu-tools-for-stm32.12.3.rel1.win32_1.0.200.202406191623/tools/bin/../lib/gcc/arm-none-eabi/12.3.1/../../../../arm-none-eabi/lib/thumb/v7e-m+fp/hard/crt0.o (exit)
C:/ST/STM32CubeIDE_1.16.0/STM32CubeIDE/plugins/com.st.stm32cube.ide.mcu.externaltools.gnu-tools-for-stm32.12.3.rel1.win32_1.0.200.202406191623/tools/bin/../lib/gcc/arm-none-eabi/12.3.1/../../../../arm-none-eabi/lib/thumb/v7e-m+fp/hard\libc_nano.a(libc_a-findfp.o)
                              ./Middlewares/FreeRTOS/tasks.o (__sf)
C:/ST/STM32CubeIDE_1.16.0/STM32CubeIDE/plugins/com.st.stm32cube.ide.mcu.externaltools.gnu-tools-for-stm32.12.3.rel1.win32_1.0.200.202406191623/tools/bin/../lib/gcc/arm-none-eabi/12.3.1/../../../../arm-none-eabi/lib/thumb/v7e-m+fp/hard\libc_nano.a(libc_a-fwalk.o)
                              C:/ST/STM32CubeIDE_1.16.0/STM32CubeIDE/plugins/com.st.stm32cube.ide.mcu.externaltools.gnu-tools-for-stm32.12.3.rel1.win32_1.0.200.202406191623/tools/bin/../lib/gcc/arm-none-eabi/12.3.1/../../../../arm-none-eabi/lib/thumb/v7e-m+fp/hard\libc_nano.a(libc_a-findfp.o) (_fwalk_sglue)
C:/ST/STM32CubeIDE_1.16.0/STM32CubeIDE/plugins/com.st.stm32cube.ide.mcu.externaltools.gnu-tools-for-stm32.12.3.rel1.win32_1.0.200.202406191623/tools/bin/../lib/gcc/arm-none-eabi/12.3.1/../../../../arm-none-eabi/lib/thumb/v7e-m+fp/hard\libc_nano.a(libc_a-snprintf.o)
                              ./HAL/LCD/lcd.o (snprintf)
C:/ST/STM32CubeIDE_1.16.0/STM32CubeIDE/plugins/com.st.stm32cube.ide.mcu.externaltools.gnu-tools-for-stm32.12.3.rel1.win32_1.0.200.202406191623/tools/bin/../lib/gcc/arm-none-eabi/12.3.1/../../../../arm-none-eabi/lib/thumb/v7e-m+fp/hard\libc_nano.a(libc_a-stdio.o)
                              C:/ST/STM32CubeIDE_1.16.0/STM32CubeIDE/plugins/com.st.stm32cube.ide.mcu.externaltools.gnu-tools-for-stm32.12.3.rel1.win32_1.0.200.202406191623/tools/bin/../lib/gcc/arm-none-eabi/12.3.1/../../../../arm-none-eabi/lib/thumb/v7e-m+fp/hard\libc_nano.a(libc_a-findfp.o) (__sread)
C:/ST/STM32CubeIDE_1.16.0/STM32CubeIDE/plugins/com.st.stm32cube.ide.mcu.externaltools.gnu-tools-for-stm32.12.3.rel1.win32_1.0.200.202406191623/tools/bin/../lib/gcc/arm-none-eabi/12.3.1/../../../../arm-none-eabi/lib/thumb/v7e-m+fp/hard\libc_nano.a(libc_a-memset.o)
                              C:/ST/STM32CubeIDE_1.16.0/STM32CubeIDE/plugins/com.st.stm32cube.ide.mcu.externaltools.gnu-tools-for-stm32.12.3.rel1.win32_1.0.200.202406191623/tools/bin/../lib/gcc/arm-none-eabi/12.3.1/../../../../arm-none-eabi/lib/thumb/v7e-m+fp/hard/crt0.o (memset)
C:/ST/STM32CubeIDE_1.16.0/STM32CubeIDE/plugins/com.st.stm32cube.ide.mcu.externaltools.gnu-tools-for-stm32.12.3.rel1.win32_1.0.200.202406191623/tools/bin/../lib/gcc/arm-none-eabi/12.3.1/../../../../arm-none-eabi/lib/thumb/v7e-m+fp/hard\libc_nano.a(libc_a-closer.o)
                              C:/ST/STM32CubeIDE_1.16.0/STM32CubeIDE/plugins/com.st.stm32cube.ide.mcu.externaltools.gnu-tools-for-stm32.12.3.rel1.win32_1.0.200.202406191623/tools/bin/../lib/gcc/arm-none-eabi/12.3.1/../../../../arm-none-eabi/lib/thumb/v7e-m+fp/hard\libc_nano.a(libc_a-stdio.o) (_close_r)
C:/ST/STM32CubeIDE_1.16.0/STM32CubeIDE/plugins/com.st.stm32cube.ide.mcu.externaltools.gnu-tools-for-stm32.12.3.rel1.win32_1.0.200.202406191623/tools/bin/../lib/gcc/arm-none-eabi/12.3.1/../../../../arm-none-eabi/lib/thumb/v7e-m+fp/hard\libc_nano.a(libc_a-reent.o)
                              ./Middlewares/FreeRTOS/tasks.o (_reclaim_reent)
C:/ST/STM32CubeIDE_1.16.0/STM32CubeIDE/plugins/com.st.stm32cube.ide.mcu.externaltools.gnu-tools-for-stm32.12.3.rel1.win32_1.0.200.202406191623/tools/bin/../lib/gcc/arm-none-eabi/12.3.1/../../../../arm-none-eabi/lib/thumb/v7e-m+fp/hard\libc_nano.a(libc_a-impure.o)
                              ./Middlewares/FreeRTOS/tasks.o (_impure_ptr)
C:/ST/STM32CubeIDE_1.16.0/STM32CubeIDE/plugins/com.st.stm32cube.ide.mcu.externaltools.gnu-tools-for-stm32.12.3.rel1.win32_1.0.200.202406191623/tools/bin/../lib/gcc/arm-none-eabi/12.3.1/../../../../arm-none-eabi/lib/thumb/v7e-m+fp/hard\libc_nano.a(libc_a-lseekr.o)
                              C:/ST/STM32CubeIDE_1.16.0/STM32CubeIDE/plugins/com.st.stm32cube.ide.mcu.externaltools.gnu-tools-for-stm32.12.3.rel1.win32_1.0.200.202406191623/tools/bin/../lib/gcc/arm-none-eabi/12.3.1/../../../../arm-none-eabi/lib/thumb/v7e-m+fp/hard\libc_nano.a(libc_a-stdio.o) (_lseek_r)
[...]
Memory Configuration

Name             Origin             Length             Attributes
RAM              0x20000000         0x00010000         xrw
FLASH            0x08000000         0x00040000         xr
*default*        0x00000000         0xffffffff

Linker script and memory map

LOAD C:/ST/STM32CubeIDE_1.16.0/STM32CubeIDE/plugins/com.st.stm32cube.ide.mcu.externaltools.gnu-tools-for-stm32.12.3.rel1.win32_1.0.200.202406191623/tools/bin/../lib/gcc/arm-none-eabi/12.3.1/thumb/v7e-m+fp/hard/crti.o
LOAD C:/ST/STM32CubeIDE_1.16.0/STM32CubeIDE/plugins/com.st.stm32cube.ide.mcu.externaltools.gnu-tools-for-stm32.12.3.rel1.win32_1.0.200.202406191623/tools/bin/../lib/gcc/arm-none-eabi/12.3.1/thumb/v7e-m+fp/hard/crtbegin.o
LOAD C:/ST/STM32CubeIDE_1.16.0/STM32CubeIDE/plugins/com.st.stm32cube.ide.mcu.externaltools.gnu-tools-for-stm32.12.3.rel1.win32_1.0.200.202406191623/tools/bin/../lib/gcc/arm-none-eabi/12.3.1/../../../../arm-none-eabi/lib/thumb/v7e-m+fp/hard/crt0.o
LOAD ./Core/Src/freertos.o
LOAD ./Core/Src/gpio.o
LOAD ./Core/Src/main.o
LOAD ./Core/Src/stm32f4xx_hal_msp.o
LOAD ./Core/Src/stm32f4xx_hal_timebase_tim.o
LOAD ./Core/Src/stm32f4xx_it.o
LOAD ./Core/Src/syscalls.o
LOAD ./Core/Src/sysmem.o
LOAD ./Core/Src/system_stm32f4xx.o
LOAD ./Core/Src/tim.o
LOAD ./Core/Src/usart.o
LOAD ./Core/Startup/startup_stm32f401rctx.o
LOAD ./Drivers/STM32F4xx_HAL_Driver/stm32f4xx_hal.o
LOAD ./Drivers/STM32F4xx_HAL_Driver/stm32f4xx_hal_cortex.o
LOAD ./Drivers/STM32F4xx_HAL_Driver/stm32f4xx_hal_dma.o
LOAD ./Drivers/STM32F4xx_HAL_Driver/stm32f4xx_hal_dma_ex.o
LOAD ./Drivers/STM32F4xx_HAL_Driver/stm32f4xx_hal_exti.o
LOAD ./Drivers/STM32F4xx_HAL_Driver/stm32f4xx_hal_flash.o
LOAD ./Drivers/STM32F4xx_HAL_Driver/stm32f4xx_hal_flash_ex.o
LOAD ./Drivers/STM32F4xx_HAL_Driver/stm32f4xx_hal_flash_ramfunc.o
LOAD ./Drivers/STM32F4xx_HAL_Driver/stm32f4xx_hal_gpio.o
LOAD ./Drivers/STM32F4xx_HAL_Driver/stm32f4xx_hal_pwr.o
LOAD ./Drivers/STM32F4xx_HAL_Driver/stm32f4xx_hal_pwr_ex.o
LOAD ./Drivers/STM32F4xx_HAL_Driver/stm32f4xx_hal_rcc.o
LOAD ./Drivers/STM32F4xx_HAL_Driver/stm32f4xx_hal_rcc_ex.o
LOAD ./Drivers/STM32F4xx_HAL_Driver/stm32f4xx_hal_tim.o
LOAD ./Drivers/STM32F4xx_HAL_Driver/stm32f4xx_hal_tim_ex.o
LOAD ./Drivers/STM32F4xx_HAL_Driver/stm32f4xx_hal_uart.o
LOAD ./HAL/7_segment/Segment.o
LOAD ./HAL/7_segment/Segment_cfg.o
LOAD ./HAL/LCD/lcd.o
LOAD ./HAL/LCD/lcd_cfg.o
LOAD ./HAL/servo_motor/servo.o
LOAD ./HAL/servo_motor/servo_cfg.o
LOAD ./Middlewares/FreeRTOS/cmsis_os2.o
LOAD ./Middlewares/FreeRTOS/croutine.o
LOAD ./Middlewares/FreeRTOS/event_groups.o
LOAD ./Middlewares/FreeRTOS/heap_4.o
LOAD ./Middlewares/FreeRTOS/list.o
LOAD ./Middlewares/FreeRTOS/port.o
LOAD ./Middlewares/FreeRTOS/queue.o
LOAD ./Middlewares/FreeRTOS/stream_buffer.o
LOAD ./Middlewares/FreeRTOS/tasks.o
LOAD ./Middlewares/FreeRTOS/timers.o
START GROUP
LOAD C:/ST/STM32CubeIDE_1.16.0/STM32CubeIDE/plugins/com.st.stm32cube.ide.mcu.externaltools.gnu-tools-for-stm32.12.3.rel1.win32_1.0.200.202406191623/tools/bin/../lib/gcc/arm-none-eabi/12.3.1/../../../../arm-none-eabi/lib/thumb/v7e-m+fp/hard\libc_nano.a
LOAD C:/ST/STM32CubeIDE_1.16.0/STM32CubeIDE/plugins/com.st.stm32cube.ide.mcu.externaltools.gnu-tools-for-stm32.12.3.rel1.win32_1.0.200.202406191623/tools/bin/../lib/gcc/arm-none-eabi/12.3.1/../../../../arm-none-eabi/lib/thumb/v7e-m+fp/hard\libm.a
END GROUP
START GROUP
LOAD C:/ST/STM32CubeIDE_1.16.0/STM32CubeIDE/plugins/com.st.stm32cube.ide.mcu.externaltools.gnu-tools-for-stm32.12.3.rel1.win32_1.0.200.202406191623/tools/bin/../lib/gcc/arm-none-eabi/12.3.1/thumb/v7e-m+fp/hard\libgcc.a
LOAD C:/ST/STM32CubeIDE_1.16.0/STM32CubeIDE/plugins/com.st.stm32cube.ide.mcu.externaltools.gnu-tools-for-stm32.12.3.rel1.win32_1.0.200.202406191623/tools/bin/../lib/gcc/arm-none-eabi/12.3.1/../../../../arm-none-eabi/lib/thumb/v7e-m+fp/hard\libc_nano.a
END GROUP
START GROUP
LOAD C:/ST/STM32CubeIDE_1.16.0/STM32CubeIDE/plugins/com.st.stm32cube.ide.mcu.externaltools.gnu-tools-for-stm32.12.3.rel1.win32_1.0.200.202406191623/tools/bin/../lib/gcc/arm-none-eabi/12.3.1/thumb/v7e-m+fp/hard\libgcc.a
LOAD C:/ST/STM32CubeIDE_1.16.0/STM32CubeIDE/plugins/com.st.stm32cube.ide.mcu.externaltools.gnu-tools-for-stm32.12.3.rel1.win32_1.0.200.202406191623/tools/bin/../lib/gcc/arm-none-eabi/12.3.1/../../../../arm-none-eabi/lib/thumb/v7e-m+fp/hard\libc_nano.a
LOAD C:/ST/STM32CubeIDE_1.16.0/STM32CubeIDE/plugins/com.st.stm32cube.ide.mcu.externaltools.gnu-tools-for-stm32.12.3.rel1.win32_1.0.200.202406191623/tools/bin/../lib/gcc/arm-none-eabi/12.3.1/../../../../arm-none-eabi/lib/thumb/v7e-m+fp/hard\libnosys.a
END GROUP
START GROUP
LOAD C:/ST/STM32CubeIDE_1.16.0/STM32CubeIDE/plugins/com.st.stm32cube.ide.mcu.externaltools.gnu-tools-for-stm32.12.3.rel1.win32_1.0.200.202406191623/tools/bin/../lib/gcc/arm-none-eabi/12.3.1/thumb/v7e-m+fp/hard\libgcc.a
LOAD C:/ST/STM32CubeIDE_1.16.0/STM32CubeIDE/plugins/com.st.stm32cube.ide.mcu.externaltools.gnu-tools-for-stm32.12.3.rel1.win32_1.0.200.202406191623/tools/bin/../lib/gcc/arm-none-eabi/12.3.1/../../../../arm-none-eabi/lib/thumb/v7e-m+fp/hard\libc_nano.a
LOAD C:/ST/STM32CubeIDE_1.16.0/STM32CubeIDE/plugins/com.st.stm32cube.ide.mcu.externaltools.gnu-tools-for-stm32.12.3.rel1.win32_1.0.200.202406191623/tools/bin/../lib/gcc/arm-none-eabi/12.3.1/../../../../arm-none-eabi/lib/thumb/v7e-m+fp/hard\libnosys.a
END GROUP
LOAD C:/ST/STM32CubeIDE_1.16.0/STM32CubeIDE/plugins/com.st.stm32cube.ide.mcu.externaltools.gnu-tools-for-stm32.12.3.rel1.win32_1.0.200.202406191623/tools/bin/../lib/gcc/arm-none-eabi/12.3.1/thumb/v7e-m+fp/hard/crtend.o
LOAD C:/ST/STM32CubeIDE_1.16.0/STM32CubeIDE/plugins/com.st.stm32cube.ide.mcu.externaltools.gnu-tools-for-stm32.12.3.rel1.win32_1.0.200.202406191623/tools/bin/../lib/gcc/arm-none-eabi/12.3.1/thumb/v7e-m+fp/hard/crtn.o
                0x20010000                        _estack = (ORIGIN (RAM) + LENGTH (RAM))
                0x00000200                        _Min_Heap_Size = 0x200
                0x00000400                        _Min_Stack_Size = 0x400

.isr_vector     0x08000000      0x194
                0x08000000                        . = ALIGN (0x4)
 *(.isr_vector)
 .isr_vector    0x08000000      0x194 ./Core/Startup/startup_stm32f401rctx.o
                0x08000000                g_pfnVectors
                0x08000194                        . = ALIGN (0x4)

.text           0x080001a0     0x7c24
                0x080001a0                        . = ALIGN (0x4)
 *(.text)
 .text          0x080001a0       0x40 C:/ST/STM32CubeIDE_1.16.0/STM32CubeIDE/plugins/com.st.stm32cube.ide.mcu.externaltools.gnu-tools-for-stm32.12.3.rel1.win32_1.0.200.202406191623/tools/bin/../lib/gcc/arm-none-eabi/12.3.1/thumb/v7e-m+fp/hard/crtbegin.o
 .text          0x080001e0       0x30 C:/ST/STM32CubeIDE_1.16.0/STM32CubeIDE/plugins/com.st.stm32cube.ide.mcu.externaltools.gnu-tools-for-stm32.12.3.rel1.win32_1.0.200.202406191623/tools/bin/../lib/gcc/arm-none-eabi/12.3.1/thumb/v7e-m+fp/hard\libgcc.a(_aeabi_uldivmod.o)
                0x080001e0                __aeabi_uldivmod
 .text          0x08000210      0x2bc C:/ST/STM32CubeIDE_1.16.0/STM32CubeIDE/plugins/com.st.stm32cube.ide.mcu.externaltools.gnu-tools-for-stm32.12.3.rel1.win32_1.0.200.202406191623/tools/bin/../lib/gcc/arm-none-eabi/12.3.1/thumb/v7e-m+fp/hard\libgcc.a(_udivmoddi4.o)
                0x08000210                __udivmoddi4
 .text          0x080004cc        0x4 C:/ST/STM32CubeIDE_1.16.0/STM32CubeIDE/plugins/com.st.stm32cube.ide.mcu.externaltools.gnu-tools-for-stm32.12.3.rel1.win32_1.0.200.202406191623/tools/bin/../lib/gcc/arm-none-eabi/12.3.1/thumb/v7e-m+fp/hard\libgcc.a(_dvmd_tls.o)
                0x080004cc                __aeabi_idiv0
                0x080004cc                __aeabi_ldiv0
 *(.text*)
 .text.MX_FREERTOS_Init
                0x080004d0       0xdc ./Core/Src/freertos.o
                0x080004d0                MX_FREERTOS_Init
 .text.StartDefaultTask
                0x080005ac      0x218 ./Core/Src/freertos.o
                0x080005ac                StartDefaultTask
 .text.traffic_light
                0x080007c4       0x60 ./Core/Src/freertos.o
                0x080007c4                traffic_light
 .text.servo_control
                0x08000824       0xe8 ./Core/Src/freertos.o
                0x08000824                servo_control
 .text.StartTrans
                0x0800090c       0x10 ./Core/Src/freertos.o
                0x0800090c                StartTrans
 .text.display  0x0800091c       0xc0 ./Core/Src/freertos.o
                0x0800091c                display
 .text.HAL_UART_RxCpltCallback
                0x080009dc       0x44 ./Core/Src/freertos.o
                0x080009dc                HAL_UART_RxCpltCallback
 .text.MX_GPIO_Init
                0x08000a20       0xec ./Core/Src/gpio.o
                0x08000a20                MX_GPIO_Init
 .text.main     0x08000b0c       0x4c ./Core/Src/main.o
                0x08000b0c                main
 .text.SystemClock_Config
                0x08000b58       0xd4 ./Core/Src/main.o
                0x08000b58                SystemClock_Config
 .text.HAL_TIM_PeriodElapsedCallback
                0x08000c2c       0x1e ./Core/Src/main.o
                0x08000c2c                HAL_TIM_PeriodElapsedCallback
 .text.Error_Handler
                0x08000c4a        0xc ./Core/Src/main.o
                0x08000c4a                Error_Handler
 *fill*         0x08000c56        0x2 
 .text.HAL_MspInit
                0x08000c58       0x58 ./Core/Src/stm32f4xx_hal_msp.o
                0x08000c58                HAL_MspInit
 .text.HAL_InitTick
                0x08000cb0       0xf8 ./Core/Src/stm32f4xx_hal_timebase_tim.o
                0x08000cb0                HAL_InitTick
 .text.NMI_Handler
                0x08000da8        0x8 ./Core/Src/stm32f4xx_it.o
                0x08000da8                NMI_Handler
 .text.HardFault_Handler
                0x08000db0        0x8 ./Core/Src/stm32f4xx_it.o
                0x08000db0                HardFault_Handler
 .text.MemManage_Handler
                0x08000db8        0x8 ./Core/Src/stm32f4xx_it.o
                0x08000db8                MemManage_Handler
 .text.BusFault_Handler
                0x08000dc0        0x8 ./Core/Src/stm32f4xx_it.o
                0x08000dc0                BusFault_Handler
 .text.UsageFault_Handler
                0x08000dc8        0x8 ./Core/Src/stm32f4xx_it.o
                0x08000dc8                UsageFault_Handler
 .text.DebugMon_Handler
                0x08000dd0        0xe ./Core/Src/stm32f4xx_it.o
                0x08000dd0                DebugMon_Handler
 *fill*         0x08000dde        0x2 
 .text.TIM1_CC_IRQHandler
                0x08000de0       0x14 ./Core/Src/stm32f4xx_it.o
                0x08000de0                TIM1_CC_IRQHandler
 .text.TIM2_IRQHandler
                0x08000df4       0x14 ./Core/Src/stm32f4xx_it.o
                0x08000df4                TIM2_IRQHandler
 .text.USART1_IRQHandler
                0x08000e08       0x14 ./Core/Src/stm32f4xx_it.o
                0x08000e08                USART1_IRQHandler
 .text.SystemInit
                0x08000e1c       0x24 ./Core/Src/system_stm32f4xx.o
                0x08000e1c                SystemInit
 .text.MX_TIM1_Init
                0x08000e40      0x144 ./Core/Src/tim.o
                0x08000e40                MX_TIM1_Init
 .text.HAL_TIM_Base_MspInit
                0x08000f84       0x50 ./Core/Src/tim.o
                0x08000f84                HAL_TIM_Base_MspInit
 .text.HAL_TIM_MspPostInit
                0x08000fd4       0x74 ./Core/Src/tim.o
                0x08000fd4                HAL_TIM_MspPostInit
 .text.MX_USART1_UART_Init
                0x08001048       0x54 ./Core/Src/usart.o
                0x08001048                MX_USART1_UART_Init
 .text.MX_USART2_UART_Init
                0x0800109c       0x54 ./Core/Src/usart.o
                0x0800109c                MX_USART2_UART_Init
 .text.HAL_UART_MspInit
                0x080010f0      0x108 ./Core/Src/usart.o
                0x080010f0                HAL_UART_MspInit
 .text.Reset_Handler
                0x080011f8       0x50 ./Core/Startup/startup_stm32f401rctx.o
                0x080011f8                Reset_Handler
 .text.Default_Handler
                0x08001248        0x2 ./Core/Startup/startup_stm32f401rctx.o
                0x08001248                RTC_Alarm_IRQHandler
                0x08001248                EXTI2_IRQHandler
                0x08001248                SPI4_IRQHandler
                0x08001248                DMA2_Stream5_IRQHandler
                0x08001248                DMA1_Stream5_IRQHandler
                0x08001248                PVD_IRQHandler
                0x08001248                SDIO_IRQHandler
                0x08001248                TAMP_STAMP_IRQHandler
                0x08001248                EXTI3_IRQHandler
                0x08001248                TIM1_UP_TIM10_IRQHandler
                0x08001248                I2C3_ER_IRQHandler
                0x08001248                EXTI0_IRQHandler
                0x08001248                I2C2_EV_IRQHandler
                0x08001248                DMA1_Stream2_IRQHandler
                0x08001248                FPU_IRQHandler
                0x08001248                DMA2_Stream2_IRQHandler
                0x08001248                SPI1_IRQHandler
                0x08001248                TIM1_BRK_TIM9_IRQHandler
                0x08001248                DMA2_Stream3_IRQHandler
                0x08001248                USART6_IRQHandler
                0x08001248                DMA2_Stream0_IRQHandler
                0x08001248                TIM4_IRQHandler
                0x08001248                I2C1_EV_IRQHandler
                0x08001248                DMA1_Stream6_IRQHandler
                0x08001248                DMA1_Stream1_IRQHandler
                0x08001248                TIM3_IRQHandler
                0x08001248                RCC_IRQHandler
                0x08001248                Default_Handler
                0x08001248                EXTI15_10_IRQHandler
                0x08001248                ADC_IRQHandler
                0x08001248                DMA1_Stream7_IRQHandler
                0x08001248                TIM5_IRQHandler
                0x08001248                DMA2_Stream7_IRQHandler
                0x08001248                I2C3_EV_IRQHandler
                0x08001248                EXTI9_5_IRQHandler
                0x08001248                RTC_WKUP_IRQHandler
                0x08001248                SPI2_IRQHandler
                0x08001248                DMA1_Stream0_IRQHandler
                0x08001248                EXTI4_IRQHandler
                0x08001248                WWDG_IRQHandler
                0x08001248                OTG_FS_WKUP_IRQHandler
                0x08001248                TIM1_TRG_COM_TIM11_IRQHandler
                0x08001248                EXTI1_IRQHandler
                0x08001248                USART2_IRQHandler
                0x08001248                I2C2_ER_IRQHandler
                0x08001248                DMA2_Stream1_IRQHandler
                0x08001248                FLASH_IRQHandler
                0x08001248                DMA2_Stream4_IRQHandler
                0x08001248                OTG_FS_IRQHandler
                0x08001248                SPI3_IRQHandler
                0x08001248                DMA1_Stream4_IRQHandler
                0x08001248                I2C1_ER_IRQHandler
                0x08001248                DMA2_Stream6_IRQHandler
                0x08001248                DMA1_Stream3_IRQHandler
 *fill*         0x0800124a        0x2 
 .text.HAL_Init
                0x0800124c       0x44 ./Drivers/STM32F4xx_HAL_Driver/stm32f4xx_hal.o
                0x0800124c                HAL_Init
 .text.HAL_IncTick
                0x08001290       0x28 ./Drivers/STM32F4xx_HAL_Driver/stm32f4xx_hal.o
                0x08001290                HAL_IncTick
 .text.HAL_GetTick
                0x080012b8       0x18 ./Drivers/STM32F4xx_HAL_Driver/stm32f4xx_hal.o
                0x080012b8                HAL_GetTick
 .text.__NVIC_SetPriorityGrouping
                0x080012d0       0x48 ./Drivers/STM32F4xx_HAL_Driver/stm32f4xx_hal_cortex.o
 .text.__NVIC_GetPriorityGrouping
                0x08001318       0x1c ./Drivers/STM32F4xx_HAL_Driver/stm32f4xx_hal_cortex.o
 .text.__NVIC_EnableIRQ
                0x08001334       0x3c ./Drivers/STM32F4xx_HAL_Driver/stm32f4xx_hal_cortex.o
 .text.__NVIC_SetPriority
                0x08001370       0x54 ./Drivers/STM32F4xx_HAL_Driver/stm32f4xx_hal_cortex.o
 .text.NVIC_EncodePriority
                0x080013c4       0x66 ./Drivers/STM32F4xx_HAL_Driver/stm32f4xx_hal_cortex.o
 .text.HAL_NVIC_SetPriorityGrouping
                0x0800142a       0x16 ./Drivers/STM32F4xx_HAL_Driver/stm32f4xx_hal_cortex.o
                0x0800142a                HAL_NVIC_SetPriorityGrouping
 .text.HAL_NVIC_SetPriority
                0x08001440       0x38 ./Drivers/STM32F4xx_HAL_Driver/stm32f4xx_hal_cortex.o
                0x08001440                HAL_NVIC_SetPriority
 .text.HAL_NVIC_EnableIRQ
                0x08001478       0x1c ./Drivers/STM32F4xx_HAL_Driver/stm32f4xx_hal_cortex.o
                0x08001478                HAL_NVIC_EnableIRQ
 .text.HAL_DMA_Abort
                0x08001494       0xe0 ./Drivers/STM32F4xx_HAL_Driver/stm32f4xx_hal_dma.o
                0x08001494                HAL_DMA_Abort
 .text.HAL_DMA_Abort_IT
                0x08001574       0x44 ./Drivers/STM32F4xx_HAL_Driver/stm32f4xx_hal_dma.o
                0x08001574                HAL_DMA_Abort_IT
 .text.HAL_GPIO_Init
                0x080015b8      0x308 ./Drivers/STM32F4xx_HAL_Driver/stm32f4xx_hal_gpio.o
                0x080015b8                HAL_GPIO_Init
 .text.HAL_GPIO_ReadPin
                0x080018c0       0x30 ./Drivers/STM32F4xx_HAL_Driver/stm32f4xx_hal_gpio.o
                0x080018c0                HAL_GPIO_ReadPin
 .text.HAL_GPIO_WritePin
                0x080018f0       0x32 ./Drivers/STM32F4xx_HAL_Driver/stm32f4xx_hal_gpio.o
                0x080018f0                HAL_GPIO_WritePin
 *fill*         0x08001922        0x2 
 .text.HAL_RCC_OscConfig
                0x08001924      0x4f0 ./Drivers/STM32F4xx_HAL_Driver/stm32f4xx_hal_rcc.o
                0x08001924                HAL_RCC_OscConfig
 .text.HAL_RCC_ClockConfig
                0x08001e14      0x1cc ./Drivers/STM32F4xx_HAL_Driver/stm32f4xx_hal_rcc.o
                0x08001e14                HAL_RCC_ClockConfig
 .text.HAL_RCC_GetSysClockFreq
                0x08001fe0      0x18c ./Drivers/STM32F4xx_HAL_Driver/stm32f4xx_hal_rcc.o
                0x08001fe0                HAL_RCC_GetSysClockFreq
 .text.HAL_RCC_GetHCLKFreq
                0x0800216c       0x18 ./Drivers/STM32F4xx_HAL_Driver/stm32f4xx_hal_rcc.o
                0x0800216c                HAL_RCC_GetHCLKFreq
 .text.HAL_RCC_GetPCLK1Freq
                0x08002184       0x28 ./Drivers/STM32F4xx_HAL_Driver/stm32f4xx_hal_rcc.o
                0x08002184                HAL_RCC_GetPCLK1Freq
 .text.HAL_RCC_GetPCLK2Freq
                0x080021ac       0x28 ./Drivers/STM32F4xx_HAL_Driver/stm32f4xx_hal_rcc.o
                0x080021ac                HAL_RCC_GetPCLK2Freq
 .text.HAL_RCC_GetClockConfig
                0x080021d4       0x64 ./Drivers/STM32F4xx_HAL_Driver/stm32f4xx_hal_rcc.o
                0x080021d4                HAL_RCC_GetClockConfig
 .text.HAL_TIM_Base_Init
                0x08002238       0x9e ./Drivers/STM32F4xx_HAL_Driver/stm32f4xx_hal_tim.o
                0x08002238                HAL_TIM_Base_Init
 *fill*         0x080022d6        0x2 
 .text.HAL_TIM_Base_Start_IT
                0x080022d8       0xc4 ./Drivers/STM32F4xx_HAL_Driver/stm32f4xx_hal_tim.o
                0x080022d8                HAL_TIM_Base_Start_IT
 .text.HAL_TIM_PWM_Init
                0x0800239c       0x9e ./Drivers/STM32F4xx_HAL_Driver/stm32f4xx_hal_tim.o
                0x0800239c                HAL_TIM_PWM_Init
 .text.HAL_TIM_PWM_MspInit
                0x0800243a       0x14 ./Drivers/STM32F4xx_HAL_Driver/stm32f4xx_hal_tim.o
                0x0800243a                HAL_TIM_PWM_MspInit
 *fill*         0x0800244e        0x2 
 .text.HAL_TIM_PWM_Start
                0x08002450      0x160 ./Drivers/STM32F4xx_HAL_Driver/stm32f4xx_hal_tim.o
                0x08002450                HAL_TIM_PWM_Start
 .text.HAL_TIM_IRQHandler
                0x080025b0      0x1e0 ./Drivers/STM32F4xx_HAL_Driver/stm32f4xx_hal_tim.o
                0x080025b0                HAL_TIM_IRQHandler
 .text.HAL_TIM_PWM_ConfigChannel
                0x08002790      0x184 ./Drivers/STM32F4xx_HAL_Driver/stm32f4xx_hal_tim.o
                0x08002790                HAL_TIM_PWM_ConfigChannel
 .text.HAL_TIM_ConfigClockSource
                0x08002914      0x18e ./Drivers/STM32F4xx_HAL_Driver/stm32f4xx_hal_tim.o
                0x08002914                HAL_TIM_ConfigClockSource
 .text.HAL_TIM_OC_DelayElapsedCallback
                0x08002aa2       0x14 ./Drivers/STM32F4xx_HAL_Driver/stm32f4xx_hal_tim.o
                0x08002aa2                HAL_TIM_OC_DelayElapsedCallback
 .text.HAL_TIM_IC_CaptureCallback
                0x08002ab6       0x14 ./Drivers/STM32F4xx_HAL_Driver/stm32f4xx_hal_tim.o
                0x08002ab6                HAL_TIM_IC_CaptureCallback
 .text.HAL_TIM_PWM_PulseFinishedCallback
                0x08002aca       0x14 ./Drivers/STM32F4xx_HAL_Driver/stm32f4xx_hal_tim.o
                0x08002aca                HAL_TIM_PWM_PulseFinishedCallback
 .text.HAL_TIM_TriggerCallback
                0x08002ade       0x14 ./Drivers/STM32F4xx_HAL_Driver/stm32f4xx_hal_tim.o
                0x08002ade                HAL_TIM_TriggerCallback
 *fill*         0x08002af2        0x2 
 .text.TIM_Base_SetConfig
                0x08002af4      0x118 ./Drivers/STM32F4xx_HAL_Driver/stm32f4xx_hal_tim.o
                0x08002af4                TIM_Base_SetConfig
 .text.TIM_OC1_SetConfig
                0x08002c0c       0xcc ./Drivers/STM32F4xx_HAL_Driver/stm32f4xx_hal_tim.o
 .text.TIM_OC2_SetConfig
                0x08002cd8       0xd8 ./Drivers/STM32F4xx_HAL_Driver/stm32f4xx_hal_tim.o
                0x08002cd8                TIM_OC2_SetConfig
 .text.TIM_OC3_SetConfig
                0x08002db0       0xd4 ./Drivers/STM32F4xx_HAL_Driver/stm32f4xx_hal_tim.o
 .text.TIM_OC4_SetConfig
                0x08002e84       0xa0 ./Drivers/STM32F4xx_HAL_Driver/stm32f4xx_hal_tim.o
 .text.TIM_TI1_ConfigInputStage
                0x08002f24       0x5e ./Drivers/STM32F4xx_HAL_Driver/stm32f4xx_hal_tim.o
 .text.TIM_TI2_ConfigInputStage
                0x08002f82       0x60 ./Drivers/STM32F4xx_HAL_Driver/stm32f4xx_hal_tim.o
 .text.TIM_ITRx_SetConfig
                0x08002fe2       0x36 ./Drivers/STM32F4xx_HAL_Driver/stm32f4xx_hal_tim.o
 .text.TIM_ETR_SetConfig
                0x08003018       0x40 ./Drivers/STM32F4xx_HAL_Driver/stm32f4xx_hal_tim.o
                0x08003018                TIM_ETR_SetConfig
 .text.TIM_CCxChannelCmd
                0x08003058       0x4a ./Drivers/STM32F4xx_HAL_Driver/stm32f4xx_hal_tim.o
                0x08003058                TIM_CCxChannelCmd
 *fill*         0x080030a2        0x2 
 .text.HAL_TIMEx_MasterConfigSynchronization
                0x080030a4       0xdc ./Drivers/STM32F4xx_HAL_Driver/stm32f4xx_hal_tim_ex.o
                0x080030a4                HAL_TIMEx_MasterConfigSynchronization
 .text.HAL_TIMEx_ConfigBreakDeadTime
                0x08003180       0xa4 ./Drivers/STM32F4xx_HAL_Driver/stm32f4xx_hal_tim_ex.o
                0x08003180                HAL_TIMEx_ConfigBreakDeadTime
 .text.HAL_TIMEx_CommutCallback
                0x08003224       0x14 ./Drivers/STM32F4xx_HAL_Driver/stm32f4xx_hal_tim_ex.o
                0x08003224                HAL_TIMEx_CommutCallback
 .text.HAL_TIMEx_BreakCallback
                0x08003238       0x14 ./Drivers/STM32F4xx_HAL_Driver/stm32f4xx_hal_tim_ex.o
                0x08003238                HAL_TIMEx_BreakCallback
 .text.HAL_UART_Init
                0x0800324c       0xa0 ./Drivers/STM32F4xx_HAL_Driver/stm32f4xx_hal_uart.o
                0x0800324c                HAL_UART_Init
 .text.HAL_UART_Transmit
                0x080032ec      0x116 ./Drivers/STM32F4xx_HAL_Driver/stm32f4xx_hal_uart.o
                0x080032ec                HAL_UART_Transmit
 .text.HAL_UART_Receive_IT
                0x08003402       0x4a ./Drivers/STM32F4xx_HAL_Driver/stm32f4xx_hal_uart.o
                0x08003402                HAL_UART_Receive_IT
 .text.HAL_UART_IRQHandler
                0x0800344c      0x524 ./Drivers/STM32F4xx_HAL_Driver/stm32f4xx_hal_uart.o
                0x0800344c                HAL_UART_IRQHandler
 .text.HAL_UART_TxCpltCallback
                0x08003970       0x14 ./Drivers/STM32F4xx_HAL_Driver/stm32f4xx_hal_uart.o
                0x08003970                HAL_UART_TxCpltCallback
 .text.HAL_UART_ErrorCallback
                0x08003984       0x14 ./Drivers/STM32F4xx_HAL_Driver/stm32f4xx_hal_uart.o
                0x08003984                HAL_UART_ErrorCallback
 .text.HAL_UARTEx_RxEventCallback
                0x08003998       0x18 ./Drivers/STM32F4xx_HAL_Driver/stm32f4xx_hal_uart.o
                0x08003998                HAL_UARTEx_RxEventCallback
 .text.UART_WaitOnFlagUntilTimeout
                0x080039b0       0xb2 ./Drivers/STM32F4xx_HAL_Driver/stm32f4xx_hal_uart.o
 .text.UART_Start_Receive_IT
                0x08003a62       0x74 ./Drivers/STM32F4xx_HAL_Driver/stm32f4xx_hal_uart.o
                0x08003a62                UART_Start_Receive_IT
 .text.UART_EndRxTransfer
                0x08003ad6       0xc6 ./Drivers/STM32F4xx_HAL_Driver/stm32f4xx_hal_uart.o
 .text.UART_DMAAbortOnError
                0x08003b9c       0x28 ./Drivers/STM32F4xx_HAL_Driver/stm32f4xx_hal_uart.o
 .text.UART_Transmit_IT
                0x08003bc4       0xa0 ./Drivers/STM32F4xx_HAL_Driver/stm32f4xx_hal_uart.o
 .text.UART_EndTransmit_IT
                0x08003c64       0x30 ./Drivers/STM32F4xx_HAL_Driver/stm32f4xx_hal_uart.o
 .text.UART_Receive_IT
                0x08003c94      0x17c ./Drivers/STM32F4xx_HAL_Driver/stm32f4xx_hal_uart.o
 .text.UART_SetConfig
                0x08003e10      0x4e8 ./Drivers/STM32F4xx_HAL_Driver/stm32f4xx_hal_uart.o
 .text.segment_wright_logic
                0x080042f8       0x50 ./HAL/7_segment/Segment.o
                0x080042f8                segment_wright_logic
 .text.servo_Motor_Start_angle_90
                0x08004348       0x94 ./HAL/servo_motor/servo.o
                0x08004348                servo_Motor_Start_angle_90
 .text.servo_Motor_Start_angle_N90
                0x080043dc       0x94 ./HAL/servo_motor/servo.o
                0x080043dc                servo_Motor_Start_angle_N90
 .text.__NVIC_SetPriority
                0x08004470       0x54 ./Middlewares/FreeRTOS/cmsis_os2.o
 .text.SysTick_Handler
                0x080044c4       0x20 ./Middlewares/FreeRTOS/cmsis_os2.o
                0x080044c4                SysTick_Handler
 .text.SVC_Setup
                0x080044e4       0x12 ./Middlewares/FreeRTOS/cmsis_os2.o
 *fill*         0x080044f6        0x2 
 .text.osKernelInitialize
                0x080044f8       0x48 ./Middlewares/FreeRTOS/cmsis_os2.o
                0x080044f8                osKernelInitialize
 .text.osKernelStart
                0x08004540       0x4c ./Middlewares/FreeRTOS/cmsis_os2.o
                0x08004540                osKernelStart
 .text.osThreadNew
                0x0800458c      0x124 ./Middlewares/FreeRTOS/cmsis_os2.o
                0x0800458c                osThreadNew
 .text.osDelay  0x080046b0       0x36 ./Middlewares/FreeRTOS/cmsis_os2.o
                0x080046b0                osDelay
 .text.osSemaphoreNew
                0x080046e6      0x112 ./Middlewares/FreeRTOS/cmsis_os2.o
                0x080046e6                osSemaphoreNew
 .text.osSemaphoreAcquire
                0x080047f8       0xa4 ./Middlewares/FreeRTOS/cmsis_os2.o
                0x080047f8                osSemaphoreAcquire
 .text.osSemaphoreRelease
                0x0800489c       0x88 ./Middlewares/FreeRTOS/cmsis_os2.o
                0x0800489c                osSemaphoreRelease
 .text.osMessageQueueNew
                0x08004924       0xe6 ./Middlewares/FreeRTOS/cmsis_os2.o
                0x08004924                osMessageQueueNew
 *fill*         0x08004a0a        0x2 
 .text.vApplicationGetIdleTaskMemory
                0x08004a0c       0x34 ./Middlewares/FreeRTOS/cmsis_os2.o
                0x08004a0c                vApplicationGetIdleTaskMemory
 .text.vApplicationGetTimerTaskMemory
                0x08004a40       0x34 ./Middlewares/FreeRTOS/cmsis_os2.o
                0x08004a40                vApplicationGetTimerTaskMemory
 .text.pvPortMalloc
                0x08004a74      0x19c ./Middlewares/FreeRTOS/heap_4.o
                0x08004a74                pvPortMalloc
 .text.vPortFree
                0x08004c10       0xc8 ./Middlewares/FreeRTOS/heap_4.o
                0x08004c10                vPortFree
 .text.prvHeapInit
                0x08004cd8       0xc4 ./Middlewares/FreeRTOS/heap_4.o
 .text.prvInsertBlockIntoFreeList
                0x08004d9c       0xb4 ./Middlewares/FreeRTOS/heap_4.o
 .text.vListInitialise
                0x08004e50       0x40 ./Middlewares/FreeRTOS/list.o
                0x08004e50                vListInitialise
 .text.vListInitialiseItem
                0x08004e90       0x1a ./Middlewares/FreeRTOS/list.o
                0x08004e90                vListInitialiseItem
 .text.vListInsertEnd
                0x08004eaa       0x48 ./Middlewares/FreeRTOS/list.o
                0x08004eaa                vListInsertEnd
 .text.vListInsert
                0x08004ef2       0x72 ./Middlewares/FreeRTOS/list.o
                0x08004ef2                vListInsert
 .text.uxListRemove
                0x08004f64       0x54 ./Middlewares/FreeRTOS/list.o
                0x08004f64                uxListRemove
 .text.pxPortInitialiseStack
                0x08004fb8       0x68 ./Middlewares/FreeRTOS/port.o
                0x08004fb8                pxPortInitialiseStack
 .text.prvTaskExitError
                0x08005020       0x5c ./Middlewares/FreeRTOS/port.o
 *fill*         0x0800507c        0x4 
 .text.SVC_Handler
                0x08005080       0x28 ./Middlewares/FreeRTOS/port.o
                0x08005080                SVC_Handler
 .text.prvPortStartFirstTask
                0x080050a8       0x28 ./Middlewares/FreeRTOS/port.o
 .text.xPortStartScheduler
                0x080050d0      0x148 ./Middlewares/FreeRTOS/port.o
                0x080050d0                xPortStartScheduler
 .text.vPortEnterCritical
                0x08005218       0x64 ./Middlewares/FreeRTOS/port.o
                0x08005218                vPortEnterCritical
 .text.vPortExitCritical
                0x0800527c       0x54 ./Middlewares/FreeRTOS/port.o
                0x0800527c                vPortExitCritical
 .text.PendSV_Handler
                0x080052d0       0x68 ./Middlewares/FreeRTOS/port.o
                0x080052d0                PendSV_Handler
 .text.xPortSysTickHandler
                0x08005338       0x44 ./Middlewares/FreeRTOS/port.o
                0x08005338                xPortSysTickHandler
 .text.vPortSetupTimerInterrupt
                0x0800537c       0x48 ./Middlewares/FreeRTOS/port.o
                0x0800537c                vPortSetupTimerInterrupt
 .text.vPortEnableVFP
                0x080053c4       0x14 ./Middlewares/FreeRTOS/port.o
 .text.vPortValidateInterruptPriority
                0x080053d8       0x84 ./Middlewares/FreeRTOS/port.o
                0x080053d8                vPortValidateInterruptPriority
 .text.xQueueGenericReset
                0x0800545c       0xd4 ./Middlewares/FreeRTOS/queue.o
                0x0800545c                xQueueGenericReset
 .text.xQueueGenericCreateStatic
                0x08005530       0xfa ./Middlewares/FreeRTOS/queue.o
                0x08005530                xQueueGenericCreateStatic
 .text.xQueueGenericCreate
                0x0800562a       0x76 ./Middlewares/FreeRTOS/queue.o
                0x0800562a                xQueueGenericCreate
 .text.prvInitialiseNewQueue
                0x080056a0       0x46 ./Middlewares/FreeRTOS/queue.o
 .text.xQueueCreateCountingSemaphoreStatic
                0x080056e6       0x72 ./Middlewares/FreeRTOS/queue.o
                0x080056e6                xQueueCreateCountingSemaphoreStatic
 .text.xQueueCreateCountingSemaphore
                0x08005758       0x6a ./Middlewares/FreeRTOS/queue.o
                0x08005758                xQueueCreateCountingSemaphore
 *fill*         0x080057c2        0x2 
 .text.xQueueGenericSend
                0x080057c4      0x204 ./Middlewares/FreeRTOS/queue.o
                0x080057c4                xQueueGenericSend
 .text.xQueueGenericSendFromISR
                0x080059c8      0x13c ./Middlewares/FreeRTOS/queue.o
                0x080059c8                xQueueGenericSendFromISR
 .text.xQueueGiveFromISR
                0x08005b04      0x120 ./Middlewares/FreeRTOS/queue.o
                0x08005b04                xQueueGiveFromISR
 .text.xQueueReceive
                0x08005c24      0x1c4 ./Middlewares/FreeRTOS/queue.o
                0x08005c24                xQueueReceive
 .text.xQueueSemaphoreTake
                0x08005de8      0x220 ./Middlewares/FreeRTOS/queue.o
                0x08005de8                xQueueSemaphoreTake
 .text.xQueueReceiveFromISR
                0x08006008      0x104 ./Middlewares/FreeRTOS/queue.o
                0x08006008                xQueueReceiveFromISR
 .text.vQueueDelete
                0x0800610c       0x48 ./Middlewares/FreeRTOS/queue.o
                0x0800610c                vQueueDelete
 .text.prvGetDisinheritPriorityAfterTimeout
                0x08006154       0x30 ./Middlewares/FreeRTOS/queue.o
 .text.prvCopyDataToQueue
                0x08006184       0xd4 ./Middlewares/FreeRTOS/queue.o
 .text.prvCopyDataFromQueue
                0x08006258       0x4c ./Middlewares/FreeRTOS/queue.o
 .text.prvUnlockQueue
                0x080062a4       0xa4 ./Middlewares/FreeRTOS/queue.o
 .text.prvIsQueueEmpty
                0x08006348       0x2c ./Middlewares/FreeRTOS/queue.o
 .text.prvIsQueueFull
                0x08006374       0x30 ./Middlewares/FreeRTOS/queue.o
 .text.vQueueAddToRegistry
                0x080063a4       0x54 ./Middlewares/FreeRTOS/queue.o
                0x080063a4                vQueueAddToRegistry
 .text.vQueueUnregisterQueue
                0x080063f8       0x54 ./Middlewares/FreeRTOS/queue.o
                0x080063f8                vQueueUnregisterQueue
 .text.vQueueWaitForMessageRestricted
                0x0800644c       0x68 ./Middlewares/FreeRTOS/queue.o
                0x0800644c                vQueueWaitForMessageRestricted
 .text.xTaskCreateStatic
                0x080064b4       0xc0 ./Middlewares/FreeRTOS/tasks.o
                0x080064b4                xTaskCreateStatic
 .text.xTaskCreate
                0x08006574       0x8a ./Middlewares/FreeRTOS/tasks.o
                0x08006574                xTaskCreate
 *fill*         0x080065fe        0x2 
 .text.prvInitialiseNewTask
                0x08006600      0x150 ./Middlewares/FreeRTOS/tasks.o
 .text.prvAddNewTaskToReadyList
                0x08006750       0xe0 ./Middlewares/FreeRTOS/tasks.o
 .text.vTaskDelay
                0x08006830       0x6c ./Middlewares/FreeRTOS/tasks.o
                0x08006830                vTaskDelay
 .text.vTaskStartScheduler
                0x0800689c       0xe0 ./Middlewares/FreeRTOS/tasks.o
                0x0800689c                vTaskStartScheduler
 .text.vTaskSuspendAll
                0x0800697c       0x1c ./Middlewares/FreeRTOS/tasks.o
                0x0800697c                vTaskSuspendAll
 .text.xTaskResumeAll
                0x08006998      0x13c ./Middlewares/FreeRTOS/tasks.o
                0x08006998                xTaskResumeAll
 .text.xTaskGetTickCount
                0x08006ad4       0x20 ./Middlewares/FreeRTOS/tasks.o
                0x08006ad4                xTaskGetTickCount
 .text.xTaskIncrementTick
                0x08006af4      0x174 ./Middlewares/FreeRTOS/tasks.o
                0x08006af4                xTaskIncrementTick
 .text.vTaskSwitchContext
                0x08006c68       0xcc ./Middlewares/FreeRTOS/tasks.o
                0x08006c68                vTaskSwitchContext
 .text.vTaskPlaceOnEventList
                0x08006d34       0x4c ./Middlewares/FreeRTOS/tasks.o
                0x08006d34                vTaskPlaceOnEventList
 .text.vTaskPlaceOnEventListRestricted
                0x08006d80       0x58 ./Middlewares/FreeRTOS/tasks.o
                0x08006d80                vTaskPlaceOnEventListRestricted
 .text.xTaskRemoveFromEventList
                0x08006dd8       0xc8 ./Middlewares/FreeRTOS/tasks.o
                0x08006dd8                xTaskRemoveFromEventList
 .text.vTaskInternalSetTimeOutState
                0x08006ea0       0x2c ./Middlewares/FreeRTOS/tasks.o
                0x08006ea0                vTaskInternalSetTimeOutState
 .text.xTaskCheckForTimeOut
                0x08006ecc       0xc8 ./Middlewares/FreeRTOS/tasks.o
                0x08006ecc                xTaskCheckForTimeOut
 .text.vTaskMissedYield
                0x08006f94       0x18 ./Middlewares/FreeRTOS/tasks.o
                0x08006f94                vTaskMissedYield
 .text.prvIdleTask
                0x08006fac       0x30 ./Middlewares/FreeRTOS/tasks.o
 .text.prvInitialiseTaskLists
                0x08006fdc       0x80 ./Middlewares/FreeRTOS/tasks.o
 .text.prvCheckTasksWaitingTermination
                0x0800705c       0x5c ./Middlewares/FreeRTOS/tasks.o
 .text.prvDeleteTCB
                0x080070b8       0x6a ./Middlewares/FreeRTOS/tasks.o
 *fill*         0x08007122        0x2 
 .text.prvResetNextTaskUnblockTime
                0x08007124       0x40 ./Middlewares/FreeRTOS/tasks.o
 .text.xTaskGetSchedulerState
                0x08007164       0x3c ./Middlewares/FreeRTOS/tasks.o
                0x08007164                xTaskGetSchedulerState
 .text.xTaskPriorityInherit
                0x080071a0       0xd0 ./Middlewares/FreeRTOS/tasks.o
                0x080071a0                xTaskPriorityInherit
 .text.xTaskPriorityDisinherit
                0x08007270       0xe0 ./Middlewares/FreeRTOS/tasks.o
                0x08007270                xTaskPriorityDisinherit
 .text.vTaskPriorityDisinheritAfterTimeout
                0x08007350      0x108 ./Middlewares/FreeRTOS/tasks.o
                0x08007350                vTaskPriorityDisinheritAfterTimeout
 .text.pvTaskIncrementMutexHeldCount
                0x08007458       0x28 ./Middlewares/FreeRTOS/tasks.o
                0x08007458                pvTaskIncrementMutexHeldCount
 .text.prvAddCurrentTaskToDelayedList
                0x08007480       0xa8 ./Middlewares/FreeRTOS/tasks.o
 .text.xTimerCreateTimerTask
                0x08007528       0x94 ./Middlewares/FreeRTOS/timers.o
                0x08007528                xTimerCreateTimerTask
 .text.xTimerGenericCommand
                0x080075bc       0x9c ./Middlewares/FreeRTOS/timers.o
                0x080075bc                xTimerGenericCommand
 .text.prvProcessExpiredTimer
                0x08007658       0x9c ./Middlewares/FreeRTOS/timers.o
 .text.prvTimerTask
                0x080076f4       0x26 ./Middlewares/FreeRTOS/timers.o
 *fill*         0x0800771a        0x2 
 .text.prvProcessTimerOrBlockTask
                0x0800771c       0x9c ./Middlewares/FreeRTOS/timers.o
 .text.prvGetNextExpireTime
                0x080077b8       0x48 ./Middlewares/FreeRTOS/timers.o
 .text.prvSampleTimeNow
                0x08007800       0x40 ./Middlewares/FreeRTOS/timers.o
 .text.prvInsertTimerInActiveList
                0x08007840       0x84 ./Middlewares/FreeRTOS/timers.o
 .text.prvProcessReceivedCommands
                0x080078c4      0x1cc ./Middlewares/FreeRTOS/timers.o
 .text.prvSwitchTimerLists
                0x08007a90       0xcc ./Middlewares/FreeRTOS/timers.o
 .text.prvCheckForValidListAndQueue
                0x08007b5c       0x80 ./Middlewares/FreeRTOS/timers.o
 .text.memset   0x08007bdc       0x10 C:/ST/STM32CubeIDE_1.16.0/STM32CubeIDE/plugins/com.st.stm32cube.ide.mcu.externaltools.gnu-tools-for-stm32.12.3.rel1.win32_1.0.200.202406191623/tools/bin/../lib/gcc/arm-none-eabi/12.3.1/../../../../arm-none-eabi/lib/thumb/v7e-m+fp/hard\libc_nano.a(libc_a-memset.o)
                0x08007bdc                memset
 .text._reclaim_reent
                0x08007bec       0xac C:/ST/STM32CubeIDE_1.16.0/STM32CubeIDE/plugins/com.st.stm32cube.ide.mcu.externaltools.gnu-tools-for-stm32.12.3.rel1.win32_1.0.200.202406191623/tools/bin/../lib/gcc/arm-none-eabi/12.3.1/../../../../arm-none-eabi/lib/thumb/v7e-m+fp/hard\libc_nano.a(libc_a-reent.o)
                0x08007bec                _reclaim_reent
 .text.__libc_init_array
                0x08007c98       0x48 C:/ST/STM32CubeIDE_1.16.0/STM32CubeIDE/plugins/com.st.stm32cube.ide.mcu.externaltools.gnu-tools-for-stm32.12.3.rel1.win32_1.0.200.202406191623/tools/bin/../lib/gcc/arm-none-eabi/12.3.1/../../../../arm-none-eabi/lib/thumb/v7e-m+fp/hard\libc_nano.a(libc_a-init.o)
                0x08007c98                __libc_init_array
 .text.__retarget_lock_acquire_recursive
                0x08007ce0        0x2 C:/ST/STM32CubeIDE_1.16.0/STM32CubeIDE/plugins/com.st.stm32cube.ide.mcu.externaltools.gnu-tools-for-stm32.12.3.rel1.win32_1.0.200.202406191623/tools/bin/../lib/gcc/arm-none-eabi/12.3.1/../../../../arm-none-eabi/lib/thumb/v7e-m+fp/hard\libc_nano.a(libc_a-lock.o)
                0x08007ce0                __retarget_lock_acquire_recursive
 .text.__retarget_lock_release_recursive
                0x08007ce2        0x2 C:/ST/STM32CubeIDE_1.16.0/STM32CubeIDE/plugins/com.st.stm32cube.ide.mcu.externaltools.gnu-tools-for-stm32.12.3.rel1.win32_1.0.200.202406191623/tools/bin/../lib/gcc/arm-none-eabi/12.3.1/../../../../arm-none-eabi/lib/thumb/v7e-m+fp/hard\libc_nano.a(libc_a-lock.o)
                0x08007ce2                __retarget_lock_release_recursive
 .text.memcpy   0x08007ce4       0x1c C:/ST/STM32CubeIDE_1.16.0/STM32CubeIDE/plugins/com.st.stm32cube.ide.mcu.externaltools.gnu-tools-for-stm32.12.3.rel1.win32_1.0.200.202406191623/tools/bin/../lib/gcc/arm-none-eabi/12.3.1/../../../../arm-none-eabi/lib/thumb/v7e-m+fp/hard\libc_nano.a(libc_a-memcpy-stub.o)
                0x08007ce4                memcpy
 .text._free_r  0x08007d00       0x94 C:/ST/STM32CubeIDE_1.16.0/STM32CubeIDE/plugins/com.st.stm32cube.ide.mcu.externaltools.gnu-tools-for-stm32.12.3.rel1.win32_1.0.200.202406191623/tools/bin/../lib/gcc/arm-none-eabi/12.3.1/../../../../arm-none-eabi/lib/thumb/v7e-m+fp/hard\libc_nano.a(libc_a-freer.o)
                0x08007d00                _free_r
 .text.__malloc_lock
                0x08007d94        0xc C:/ST/STM32CubeIDE_1.16.0/STM32CubeIDE/plugins/com.st.stm32cube.ide.mcu.externaltools.gnu-tools-for-stm32.12.3.rel1.win32_1.0.200.202406191623/tools/bin/../lib/gcc/arm-none-eabi/12.3.1/../../../../arm-none-eabi/lib/thumb/v7e-m+fp/hard\libc_nano.a(libc_a-mlock.o)
                0x08007d94                __malloc_lock
 .text.__malloc_unlock
                0x08007da0        0xc C:/ST/STM32CubeIDE_1.16.0/STM32CubeIDE/plugins/com.st.stm32cube.ide.mcu.externaltools.gnu-tools-for-stm32.12.3.rel1.win32_1.0.200.202406191623/tools/bin/../lib/gcc/arm-none-eabi/12.3.1/../../../../arm-none-eabi/lib/thumb/v7e-m+fp/hard\libc_nano.a(libc_a-mlock.o)
                0x08007da0                __malloc_unlock
 *(.glue_7)
 .glue_7        0x08007dac        0x0 linker stubs
 *(.glue_7t)
 .glue_7t       0x08007dac        0x0 linker stubs
 *(.eh_frame)
 .eh_frame      0x08007dac        0x0 C:/ST/STM32CubeIDE_1.16.0/STM32CubeIDE/plugins/com.st.stm32cube.ide.mcu.externaltools.gnu-tools-for-stm32.12.3.rel1.win32_1.0.200.202406191623/tools/bin/../lib/gcc/arm-none-eabi/12.3.1/thumb/v7e-m+fp/hard/crtbegin.o
 *(.init)
 .init          0x08007dac        0x4 C:/ST/STM32CubeIDE_1.16.0/STM32CubeIDE/plugins/com.st.stm32cube.ide.mcu.externaltools.gnu-tools-for-stm32.12.3.rel1.win32_1.0.200.202406191623/tools/bin/../lib/gcc/arm-none-eabi/12.3.1/thumb/v7e-m+fp/hard/crti.o
                0x08007dac                _init
 .init          0x08007db0        0x8 C:/ST/STM32CubeIDE_1.16.0/STM32CubeIDE/plugins/com.st.stm32cube.ide.mcu.externaltools.gnu-tools-for-stm32.12.3.rel1.win32_1.0.200.202406191623/tools/bin/../lib/gcc/arm-none-eabi/12.3.1/thumb/v7e-m+fp/hard/crtn.o
 *(.fini)
 .fini          0x08007db8        0x4 C:/ST/STM32CubeIDE_1.16.0/STM32CubeIDE/plugins/com.st.stm32cube.ide.mcu.externaltools.gnu-tools-for-stm32.12.3.rel1.win32_1.0.200.202406191623/tools/bin/../lib/gcc/arm-none-eabi/12.3.1/thumb/v7e-m+fp/hard/crti.o
                0x08007db8                _fini
 .fini          0x08007dbc        0x8 C:/ST/STM32CubeIDE_1.16.0/STM32CubeIDE/plugins/com.st.stm32cube.ide.mcu.externaltools.gnu-tools-for-stm32.12.3.rel1.win32_1.0.200.202406191623/tools/bin/../lib/gcc/arm-none-eabi/12.3.1/thumb/v7e-m+fp/hard/crtn.o
                0x08007dc4                        . = ALIGN (0x4)
                0x08007dc4                        _etext = .

.vfp11_veneer   0x08007dc4        0x0
 .vfp11_veneer  0x08007dc4        0x0 linker stubs

.v4_bx          0x08007dc4        0x0
 .v4_bx         0x08007dc4        0x0 linker stubs

.iplt           0x08007dc4        0x0
 .iplt          0x08007dc4        0x0 C:/ST/STM32CubeIDE_1.16.0/STM32CubeIDE/plugins/com.st.stm32cube.ide.mcu.externaltools.gnu-tools-for-stm32.12.3.rel1.win32_1.0.200.202406191623/tools/bin/../lib/gcc/arm-none-eabi/12.3.1/thumb/v7e-m+fp/hard/crtbegin.o

.rodata         0x08007dc4      0x188
                0x08007dc4                        . = ALIGN (0x4)
 *(.rodata)
 .rodata        0x08007dc4       0x69 ./Core/Src/freertos.o
 *fill*         0x08007e2d        0x3 
 .rodata        0x08007e30        0x5 ./Middlewares/FreeRTOS/tasks.o
 *fill*         0x08007e35        0x3 
 .rodata        0x08007e38        0xd ./Middlewares/FreeRTOS/timers.o
 *(.rodata*)
 *fill*         0x08007e45        0x3 
 .rodata.defaultTask_attributes
                0x08007e48       0x24 ./Core/Src/freertos.o
                0x08007e48                defaultTask_attributes
 .rodata.myTask02_attributes
                0x08007e6c       0x24 ./Core/Src/freertos.o
                0x08007e6c                myTask02_attributes
 .rodata.myTask03_attributes
                0x08007e90       0x24 ./Core/Src/freertos.o
                0x08007e90                myTask03_attributes
 .rodata.myTask04_attributes
                0x08007eb4       0x24 ./Core/Src/freertos.o
                0x08007eb4                myTask04_attributes
 .rodata.myTask05_attributes
                0x08007ed8       0x24 ./Core/Src/freertos.o
                0x08007ed8                myTask05_attributes
 .rodata.myQueuereceive_attributes
                0x08007efc       0x18 ./Core/Src/freertos.o
                0x08007efc                myQueuereceive_attributes
 .rodata.myBinaryTraffic_attributes
                0x08007f14       0x10 ./Core/Src/freertos.o
                0x08007f14                myBinaryTraffic_attributes
 .rodata.segmentSem02_attributes
                0x08007f24       0x10 ./Core/Src/freertos.o
                0x08007f24                segmentSem02_attributes
 .rodata.AHBPrescTable
                0x08007f34       0x10 ./Core/Src/system_stm32f4xx.o
                0x08007f34                AHBPrescTable
 .rodata.APBPrescTable
                0x08007f44        0x8 ./Core/Src/system_stm32f4xx.o
                0x08007f44                APBPrescTable
                0x08007f4c                        . = ALIGN (0x4)

.ARM.extab      0x08007f4c        0x0
                0x08007f4c                        . = ALIGN (0x4)
 *(.ARM.extab* .gnu.linkonce.armextab.*)
                0x08007f4c                        . = ALIGN (0x4)

.ARM            0x08007f4c        0x8
                0x08007f4c                        . = ALIGN (0x4)
                0x08007f4c                        __exidx_start = .
 *(.ARM.exidx*)
 .ARM.exidx     0x08007f4c        0x8 C:/ST/STM32CubeIDE_1.16.0/STM32CubeIDE/plugins/com.st.stm32cube.ide.mcu.externaltools.gnu-tools-for-stm32.12.3.rel1.win32_1.0.200.202406191623/tools/bin/../lib/gcc/arm-none-eabi/12.3.1/thumb/v7e-m+fp/hard\libgcc.a(_udivmoddi4.o)
                0x08007f54                        __exidx_end = .
                0x08007f54                        . = ALIGN (0x4)

.preinit_array  0x08007f54        0x0
                0x08007f54                        . = ALIGN (0x4)
                0x08007f54                        PROVIDE (__preinit_array_start = .)
 *(.preinit_array*)
                0x08007f54                        PROVIDE (__preinit_array_end = .)
                0x08007f54                        . = ALIGN (0x4)

.init_array     0x08007f54        0x4
                0x08007f54                        . = ALIGN (0x4)
                0x08007f54                        PROVIDE (__init_array_start = .)
 *(SORT_BY_NAME(.init_array.*))
 *(.init_array*)
 .init_array    0x08007f54        0x4 C:/ST/STM32CubeIDE_1.16.0/STM32CubeIDE/plugins/com.st.stm32cube.ide.mcu.externaltools.gnu-tools-for-stm32.12.3.rel1.win32_1.0.200.202406191623/tools/bin/../lib/gcc/arm-none-eabi/12.3.1/thumb/v7e-m+fp/hard/crtbegin.o
                0x08007f58                        PROVIDE (__init_array_end = .)
                0x08007f58                        . = ALIGN (0x4)

.fini_array     0x08007f58        0x4
                0x08007f58                        . = ALIGN (0x4)
                [!provide]                        PROVIDE (__fini_array_start = .)
 *(SORT_BY_NAME(.fini_array.*))
 *(.fini_array*)
 .fini_array    0x08007f58        0x4 C:/ST/STM32CubeIDE_1.16.0/STM32CubeIDE/plugins/com.st.stm32cube.ide.mcu.externaltools.gnu-tools-for-stm32.12.3.rel1.win32_1.0.200.202406191623/tools/bin/../lib/gcc/arm-none-eabi/12.3.1/thumb/v7e-m+fp/hard/crtbegin.o
                [!provide]                        PROVIDE (__fini_array_end = .)
                0x08007f5c                        . = ALIGN (0x4)
                0x08007f5c                        _sidata = LOADADDR (.data)

.rel.dyn        0x08007f5c        0x0
 .rel.iplt      0x08007f5c        0x0 C:/ST/STM32CubeIDE_1.16.0/STM32CubeIDE/plugins/com.st.stm32cube.ide.mcu.externaltools.gnu-tools-for-stm32.12.3.rel1.win32_1.0.200.202406191623/tools/bin/../lib/gcc/arm-none-eabi/12.3.1/thumb/v7e-m+fp/hard/crtbegin.o

.data           0x20000000       0x88 load address 0x08007f5c
                0x20000000                        . = ALIGN (0x4)
                0x20000000                        _sdata = .
 *(.data)
 *(.data*)
 .data.data     0x20000000        0x1 ./Core/Src/main.o
                0x20000000                data
 .data.stop_data
                0x20000001        0x1 ./Core/Src/main.o
                0x20000001                stop_data
 *fill*         0x20000002        0x2 
 .data.SystemCoreClock
                0x20000004        0x4 ./Core/Src/system_stm32f4xx.o
                0x20000004                SystemCoreClock
 .data.uwTickPrio
                0x20000008        0x4 ./Drivers/STM32F4xx_HAL_Driver/stm32f4xx_hal.o
                0x20000008                uwTickPrio
 .data.uwTickFreq
                0x2000000c        0x1 ./Drivers/STM32F4xx_HAL_Driver/stm32f4xx_hal.o
                0x2000000c                uwTickFreq
 *fill*         0x2000000d        0x3 
 .data.segment  0x20000010       0x1c ./HAL/7_segment/Segment_cfg.o
                0x20000010                segment
 .data.servo    0x2000002c        0x8 ./HAL/servo_motor/servo_cfg.o
                0x2000002c                servo
 .data.uxCriticalNesting
                0x20000034        0x4 ./Middlewares/FreeRTOS/port.o
 .data._impure_ptr
                0x20000038        0x4 C:/ST/STM32CubeIDE_1.16.0/STM32CubeIDE/plugins/com.st.stm32cube.ide.mcu.externaltools.gnu-tools-for-stm32.12.3.rel1.win32_1.0.200.202406191623/tools/bin/../lib/gcc/arm-none-eabi/12.3.1/../../../../arm-none-eabi/lib/thumb/v7e-m+fp/hard\libc_nano.a(libc_a-impure.o)
                0x20000038                _impure_ptr
 .data._impure_data
                0x2000003c       0x4c C:/ST/STM32CubeIDE_1.16.0/STM32CubeIDE/plugins/com.st.stm32cube.ide.mcu.externaltools.gnu-tools-for-stm32.12.3.rel1.win32_1.0.200.202406191623/tools/bin/../lib/gcc/arm-none-eabi/12.3.1/../../../../arm-none-eabi/lib/thumb/v7e-m+fp/hard\libc_nano.a(libc_a-impure.o)
                0x2000003c                _impure_data
 *(.RamFunc)
 *(.RamFunc*)
                0x20000088                        . = ALIGN (0x4)
                0x20000088                        _edata = .

.igot.plt       0x20000088        0x0 load address 0x08007fe4
 .igot.plt      0x20000088        0x0 C:/ST/STM32CubeIDE_1.16.0/STM32CubeIDE/plugins/com.st.stm32cube.ide.mcu.externaltools.gnu-tools-for-stm32.12.3.rel1.win32_1.0.200.202406191623/tools/bin/../lib/gcc/arm-none-eabi/12.3.1/thumb/v7e-m+fp/hard/crtbegin.o
                0x20000088                        . = ALIGN (0x4)

.bss            0x20000088     0x4c98 load address 0x08007fe4
                0x20000088                        _sbss = .
                0x20000088                        __bss_start__ = _sbss
 *(.bss)
 .bss           0x20000088       0x1c C:/ST/STM32CubeIDE_1.16.0/STM32CubeIDE/plugins/com.st.stm32cube.ide.mcu.externaltools.gnu-tools-for-stm32.12.3.rel1.win32_1.0.200.202406191623/tools/bin/../lib/gcc/arm-none-eabi/12.3.1/thumb/v7e-m+fp/hard/crtbegin.o
 *(.bss*)
 .bss.segment_counter
                0x200000a4        0x1 ./Core/Src/freertos.o
                0x200000a4                segment_counter
 *fill*         0x200000a5        0x3 
 .bss.defaultTaskHandle
                0x200000a8        0x4 ./Core/Src/freertos.o
                0x200000a8                defaultTaskHandle
 .bss.myTask02Handle
                0x200000ac        0x4 ./Core/Src/freertos.o
                0x200000ac                myTask02Handle
 .bss.myTask03Handle
                0x200000b0        0x4 ./Core/Src/freertos.o
                0x200000b0                myTask03Handle
 .bss.myTask04Handle
                0x200000b4        0x4 ./Core/Src/freertos.o
                0x200000b4                myTask04Handle
 .bss.myTask05Handle
                0x200000b8        0x4 ./Core/Src/freertos.o
                0x200000b8                myTask05Handle
 .bss.myQueuereceiveHandle
                0x200000bc        0x4 ./Core/Src/freertos.o
                0x200000bc                myQueuereceiveHandle
 .bss.myBinaryTrafficHandle
                0x200000c0        0x4 ./Core/Src/freertos.o
                0x200000c0                myBinaryTrafficHandle
 .bss.segmentSem02Handle
                0x200000c4        0x4 ./Core/Src/freertos.o
                0x200000c4                segmentSem02Handle
 .bss.ir_sensor_1
                0x200000c8        0x1 ./Core/Src/main.o
                0x200000c8                ir_sensor_1
 .bss.ir_sensor_2
                0x200000c9        0x1 ./Core/Src/main.o
                0x200000c9                ir_sensor_2
 .bss.traffic_1_counter
                0x200000ca        0x1 ./Core/Src/main.o
                0x200000ca                traffic_1_counter
 .bss.reciever  0x200000cb        0x1 ./Core/Src/main.o
                0x200000cb                reciever
 .bss.traffic_send
                0x200000cc        0x1 ./Core/Src/main.o
                0x200000cc                traffic_send
 .bss.data2     0x200000cd        0x1 ./Core/Src/main.o
                0x200000cd                data2
 .bss.previous_state
                0x200000ce        0x1 ./Core/Src/main.o
                0x200000ce                previous_state
 .bss.previous_state_urduino
                0x200000cf        0x1 ./Core/Src/main.o
                0x200000cf                previous_state_urduino
 .bss.flag      0x200000d0        0x1 ./Core/Src/main.o
                0x200000d0                flag
 *fill*         0x200000d1        0x3 
 .bss.htim2     0x200000d4       0x48 ./Core/Src/stm32f4xx_hal_timebase_tim.o
                0x200000d4                htim2
 .bss.htim1     0x2000011c       0x48 ./Core/Src/tim.o
                0x2000011c                htim1
 .bss.huart1    0x20000164       0x48 ./Core/Src/usart.o
                0x20000164                huart1
 .bss.huart2    0x200001ac       0x48 ./Core/Src/usart.o
                0x200001ac                huart2
 .bss.uwTick    0x200001f4        0x4 ./Drivers/STM32F4xx_HAL_Driver/stm32f4xx_hal.o
                0x200001f4                uwTick
 .bss.KernelState
                0x200001f8        0x4 ./Middlewares/FreeRTOS/cmsis_os2.o
 .bss.Idle_TCB.3
                0x200001fc       0xa8 ./Middlewares/FreeRTOS/cmsis_os2.o
 .bss.Idle_Stack.2
                0x200002a4      0x200 ./Middlewares/FreeRTOS/cmsis_os2.o
 .bss.Timer_TCB.1
                0x200004a4       0xa8 ./Middlewares/FreeRTOS/cmsis_os2.o
 .bss.Timer_Stack.0
                0x2000054c      0x400 ./Middlewares/FreeRTOS/cmsis_os2.o
 .bss.ucHeap    0x2000094c     0x3c00 ./Middlewares/FreeRTOS/heap_4.o
 .bss.xStart    0x2000454c        0x8 ./Middlewares/FreeRTOS/heap_4.o
 .bss.pxEnd     0x20004554        0x4 ./Middlewares/FreeRTOS/heap_4.o
 .bss.xFreeBytesRemaining
                0x20004558        0x4 ./Middlewares/FreeRTOS/heap_4.o
 .bss.xMinimumEverFreeBytesRemaining
                0x2000455c        0x4 ./Middlewares/FreeRTOS/heap_4.o
 .bss.xNumberOfSuccessfulAllocations
                0x20004560        0x4 ./Middlewares/FreeRTOS/heap_4.o
 .bss.xNumberOfSuccessfulFrees
                0x20004564        0x4 ./Middlewares/FreeRTOS/heap_4.o
 .bss.xBlockAllocatedBit
                0x20004568        0x4 ./Middlewares/FreeRTOS/heap_4.o
 .bss.ucMaxSysCallPriority
                0x2000456c        0x1 ./Middlewares/FreeRTOS/port.o
 *fill*         0x2000456d        0x3 
 .bss.ulMaxPRIGROUPValue
                0x20004570        0x4 ./Middlewares/FreeRTOS/port.o
 .bss.xQueueRegistry
                0x20004574       0x40 ./Middlewares/FreeRTOS/queue.o
                0x20004574                xQueueRegistry
 .bss.pxCurrentTCB
                0x200045b4        0x4 ./Middlewares/FreeRTOS/tasks.o
                0x200045b4                pxCurrentTCB
 .bss.pxReadyTasksLists
                0x200045b8      0x460 ./Middlewares/FreeRTOS/tasks.o
 .bss.xDelayedTaskList1
                0x20004a18       0x14 ./Middlewares/FreeRTOS/tasks.o
 .bss.xDelayedTaskList2
                0x20004a2c       0x14 ./Middlewares/FreeRTOS/tasks.o
 .bss.pxDelayedTaskList
                0x20004a40        0x4 ./Middlewares/FreeRTOS/tasks.o
 .bss.pxOverflowDelayedTaskList
                0x20004a44        0x4 ./Middlewares/FreeRTOS/tasks.o
 .bss.xPendingReadyList
                0x20004a48       0x14 ./Middlewares/FreeRTOS/tasks.o
 .bss.xTasksWaitingTermination
                0x20004a5c       0x14 ./Middlewares/FreeRTOS/tasks.o
 .bss.uxDeletedTasksWaitingCleanUp
                0x20004a70        0x4 ./Middlewares/FreeRTOS/tasks.o
 .bss.xSuspendedTaskList
                0x20004a74       0x14 ./Middlewares/FreeRTOS/tasks.o
 .bss.uxCurrentNumberOfTasks
                0x20004a88        0x4 ./Middlewares/FreeRTOS/tasks.o
 .bss.xTickCount
                0x20004a8c        0x4 ./Middlewares/FreeRTOS/tasks.o
 .bss.uxTopReadyPriority
                0x20004a90        0x4 ./Middlewares/FreeRTOS/tasks.o
 .bss.xSchedulerRunning
                0x20004a94        0x4 ./Middlewares/FreeRTOS/tasks.o
 .bss.xPendedTicks
                0x20004a98        0x4 ./Middlewares/FreeRTOS/tasks.o
 .bss.xYieldPending
                0x20004a9c        0x4 ./Middlewares/FreeRTOS/tasks.o
 .bss.xNumOfOverflows
                0x20004aa0        0x4 ./Middlewares/FreeRTOS/tasks.o
 .bss.uxTaskNumber
                0x20004aa4        0x4 ./Middlewares/FreeRTOS/tasks.o
 .bss.xNextTaskUnblockTime
                0x20004aa8        0x4 ./Middlewares/FreeRTOS/tasks.o
 .bss.xIdleTaskHandle
                0x20004aac        0x4 ./Middlewares/FreeRTOS/tasks.o
 .bss.uxSchedulerSuspended
                0x20004ab0        0x4 ./Middlewares/FreeRTOS/tasks.o
 .bss.xActiveTimerList1
                0x20004ab4       0x14 ./Middlewares/FreeRTOS/timers.o
 .bss.xActiveTimerList2
                0x20004ac8       0x14 ./Middlewares/FreeRTOS/timers.o
 .bss.pxCurrentTimerList
                0x20004adc        0x4 ./Middlewares/FreeRTOS/timers.o
 .bss.pxOverflowTimerList
                0x20004ae0        0x4 ./Middlewares/FreeRTOS/timers.o
 .bss.xTimerQueue
                0x20004ae4        0x4 ./Middlewares/FreeRTOS/timers.o
 .bss.xTimerTaskHandle
                0x20004ae8        0x4 ./Middlewares/FreeRTOS/timers.o
 .bss.xLastTime.2
                0x20004aec        0x4 ./Middlewares/FreeRTOS/timers.o
 .bss.ucStaticTimerQueueStorage.1
                0x20004af0       0xa0 ./Middlewares/FreeRTOS/timers.o
 .bss.xStaticTimerQueue.0
                0x20004b90       0x50 ./Middlewares/FreeRTOS/timers.o
 .bss.__sf      0x20004be0      0x138 C:/ST/STM32CubeIDE_1.16.0/STM32CubeIDE/plugins/com.st.stm32cube.ide.mcu.externaltools.gnu-tools-for-stm32.12.3.rel1.win32_1.0.200.202406191623/tools/bin/../lib/gcc/arm-none-eabi/12.3.1/../../../../arm-none-eabi/lib/thumb/v7e-m+fp/hard\libc_nano.a(libc_a-findfp.o)
                0x20004be0                __sf
 .bss.__lock___malloc_recursive_mutex
                0x20004d18        0x1 C:/ST/STM32CubeIDE_1.16.0/STM32CubeIDE/plugins/com.st.stm32cube.ide.mcu.externaltools.gnu-tools-for-stm32.12.3.rel1.win32_1.0.200.202406191623/tools/bin/../lib/gcc/arm-none-eabi/12.3.1/../../../../arm-none-eabi/lib/thumb/v7e-m+fp/hard\libc_nano.a(libc_a-lock.o)
                0x20004d18                __lock___malloc_recursive_mutex
 *fill*         0x20004d19        0x3 
 .bss.__malloc_free_list
                0x20004d1c        0x4 C:/ST/STM32CubeIDE_1.16.0/STM32CubeIDE/plugins/com.st.stm32cube.ide.mcu.externaltools.gnu-tools-for-stm32.12.3.rel1.win32_1.0.200.202406191623/tools/bin/../lib/gcc/arm-none-eabi/12.3.1/../../../../arm-none-eabi/lib/thumb/v7e-m+fp/hard\libc_nano.a(libc_a-mallocr.o)
                0x20004d1c                __malloc_free_list
 *(COMMON)
                0x20004d20                        . = ALIGN (0x4)
                0x20004d20                        _ebss = .
                0x20004d20                        __bss_end__ = _ebss

._user_heap_stack
                0x20004d20      0x600 load address 0x08007fe4
                0x20004d20                        . = ALIGN (0x8)
                [!provide]                        PROVIDE (end = .)
                0x20004d20                        PROVIDE (_end = .)
                0x20004f20                        . = (. + _Min_Heap_Size)
 *fill*         0x20004d20      0x200 
                0x20005320                        . = (. + _Min_Stack_Size)
 *fill*         0x20004f20      0x400 
                0x20005320                        . = ALIGN (0x8)

/DISCARD/
 libc.a(*)
 libm.a(*)
 libgcc.a(*)

.ARM.attributes
                0x00000000       0x30
 *(.ARM.attributes)
 .ARM.attributes
                0x00000000       0x22 C:/ST/STM32CubeIDE_1.16.0/STM32CubeIDE/plugins/com.st.stm32cube.ide.mcu.externaltools.gnu-tools-for-stm32.12.3.rel1.win32_1.0.200.202406191623/tools/bin/../lib/gcc/arm-none-eabi/12.3.1/thumb/v7e-m+fp/hard/crti.o
 .ARM.attributes
                0x00000022       0x34 C:/ST/STM32CubeIDE_1.16.0/STM32CubeIDE/plugins/com.st.stm32cube.ide.mcu.externaltools.gnu-tools-for-stm32.12.3.rel1.win32_1.0.200.202406191623/tools/bin/../lib/gcc/arm-none-eabi/12.3.1/thumb/v7e-m+fp/hard/crtbegin.o
 .ARM.attributes
                0x00000056       0x34 ./Core/Src/freertos.o
 .ARM.attributes
                0x0000008a       0x34 ./Core/Src/gpio.o
 .ARM.attributes
                0x000000be       0x34 ./Core/Src/main.o
 .ARM.attributes
                0x000000f2       0x34 ./Core/Src/stm32f4xx_hal_msp.o
 .ARM.attributes
                0x00000126       0x34 ./Core/Src/stm32f4xx_hal_timebase_tim.o
 .ARM.attributes
                0x0000015a       0x34 ./Core/Src/stm32f4xx_it.o
 .ARM.attributes
                0x0000018e       0x34 ./Core/Src/system_stm32f4xx.o
 .ARM.attributes
                0x000001c2       0x34 ./Core/Src/tim.o
 .ARM.attributes
                0x000001f6       0x34 ./Core/Src/usart.o
 .ARM.attributes
                0x0000022a       0x21 ./Core/Startup/startup_stm32f401rctx.o
 .ARM.attributes
                0x0000024b       0x34 ./Drivers/STM32F4xx_HAL_Driver/stm32f4xx_hal.o
 .ARM.attributes
                0x0000027f       0x34 ./Drivers/STM32F4xx_HAL_Driver/stm32f4xx_hal_cortex.o
 .ARM.attributes
                0x000002b3       0x34 ./Drivers/STM32F4xx_HAL_Driver/stm32f4xx_hal_dma.o
 .ARM.attributes
                0x000002e7       0x34 ./Drivers/STM32F4xx_HAL_Driver/stm32f4xx_hal_gpio.o
 .ARM.attributes
                0x0000031b       0x34 ./Drivers/STM32F4xx_HAL_Driver/stm32f4xx_hal_rcc.o
 .ARM.attributes
                0x0000034f       0x34 ./Drivers/STM32F4xx_HAL_Driver/stm32f4xx_hal_tim.o
 .ARM.attributes
                0x00000383       0x34 ./Drivers/STM32F4xx_HAL_Driver/stm32f4xx_hal_tim_ex.o
 .ARM.attributes
                0x000003b7       0x34 ./Drivers/STM32F4xx_HAL_Driver/stm32f4xx_hal_uart.o
 .ARM.attributes
                0x000003eb       0x34 ./HAL/7_segment/Segment.o
 .ARM.attributes
                0x0000041f       0x34 ./HAL/7_segment/Segment_cfg.o
 .ARM.attributes
                0x00000453       0x34 ./HAL/servo_motor/servo.o
 .ARM.attributes
                0x00000487       0x34 ./HAL/servo_motor/servo_cfg.o
 .ARM.attributes
                0x000004bb       0x34 ./Middlewares/FreeRTOS/cmsis_os2.o
 .ARM.attributes
                0x000004ef       0x34 ./Middlewares/FreeRTOS/heap_4.o
 .ARM.attributes
                0x00000523       0x34 ./Middlewares/FreeRTOS/list.o
 .ARM.attributes
                0x00000557       0x34 ./Middlewares/FreeRTOS/port.o
 .ARM.attributes
                0x0000058b       0x34 ./Middlewares/FreeRTOS/queue.o
 .ARM.attributes
                0x000005bf       0x34 ./Middlewares/FreeRTOS/tasks.o
 .ARM.attributes
                0x000005f3       0x34 ./Middlewares/FreeRTOS/timers.o
 .ARM.attributes
                0x00000627       0x34 C:/ST/STM32CubeIDE_1.16.0/STM32CubeIDE/plugins/com.st.stm32cube.ide.mcu.externaltools.gnu-tools-for-stm32.12.3.rel1.win32_1.0.200.202406191623/tools/bin/../lib/gcc/arm-none-eabi/12.3.1/../../../../arm-none-eabi/lib/thumb/v7e-m+fp/hard\libc_nano.a(libc_a-findfp.o)
 .ARM.attributes
                0x0000065b       0x34 C:/ST/STM32CubeIDE_1.16.0/STM32CubeIDE/plugins/com.st.stm32cube.ide.mcu.externaltools.gnu-tools-for-stm32.12.3.rel1.win32_1.0.200.202406191623/tools/bin/../lib/gcc/arm-none-eabi/12.3.1/../../../../arm-none-eabi/lib/thumb/v7e-m+fp/hard\libc_nano.a(libc_a-memset.o)
 .ARM.attributes
                0x0000068f       0x34 C:/ST/STM32CubeIDE_1.16.0/STM32CubeIDE/plugins/com.st.stm32cube.ide.mcu.externaltools.gnu-tools-for-stm32.12.3.rel1.win32_1.0.200.202406191623/tools/bin/../lib/gcc/arm-none-eabi/12.3.1/../../../../arm-none-eabi/lib/thumb/v7e-m+fp/hard\libc_nano.a(libc_a-reent.o)
 .ARM.attributes
                0x000006c3       0x34 C:/ST/STM32CubeIDE_1.16.0/STM32CubeIDE/plugins/com.st.stm32cube.ide.mcu.externaltools.gnu-tools-for-stm32.12.3.rel1.win32_1.0.200.202406191623/tools/bin/../lib/gcc/arm-none-eabi/12.3.1/../../../../arm-none-eabi/lib/thumb/v7e-m+fp/hard\libc_nano.a(libc_a-impure.o)
 .ARM.attributes
                0x000006f7       0x34 C:/ST/STM32CubeIDE_1.16.0/STM32CubeIDE/plugins/com.st.stm32cube.ide.mcu.externaltools.gnu-tools-for-stm32.12.3.rel1.win32_1.0.200.202406191623/tools/bin/../lib/gcc/arm-none-eabi/12.3.1/../../../../arm-none-eabi/lib/thumb/v7e-m+fp/hard\libc_nano.a(libc_a-init.o)
 .ARM.attributes
                0x0000072b       0x34 C:/ST/STM32CubeIDE_1.16.0/STM32CubeIDE/plugins/com.st.stm32cube.ide.mcu.externaltools.gnu-tools-for-stm32.12.3.rel1.win32_1.0.200.202406191623/tools/bin/../lib/gcc/arm-none-eabi/12.3.1/../../../../arm-none-eabi/lib/thumb/v7e-m+fp/hard\libc_nano.a(libc_a-lock.o)
 .ARM.attributes
                0x0000075f       0x34 C:/ST/STM32CubeIDE_1.16.0/STM32CubeIDE/plugins/com.st.stm32cube.ide.mcu.externaltools.gnu-tools-for-stm32.12.3.rel1.win32_1.0.200.202406191623/tools/bin/../lib/gcc/arm-none-eabi/12.3.1/../../../../arm-none-eabi/lib/thumb/v7e-m+fp/hard\libc_nano.a(libc_a-memcpy-stub.o)
 .ARM.attributes
                0x00000793       0x34 C:/ST/STM32CubeIDE_1.16.0/STM32CubeIDE/plugins/com.st.stm32cube.ide.mcu.externaltools.gnu-tools-for-stm32.12.3.rel1.win32_1.0.200.202406191623/tools/bin/../lib/gcc/arm-none-eabi/12.3.1/../../../../arm-none-eabi/lib/thumb/v7e-m+fp/hard\libc_nano.a(libc_a-freer.o)
 .ARM.attributes
                0x000007c7       0x34 C:/ST/STM32CubeIDE_1.16.0/STM32CubeIDE/plugins/com.st.stm32cube.ide.mcu.externaltools.gnu-tools-for-stm32.12.3.rel1.win32_1.0.200.202406191623/tools/bin/../lib/gcc/arm-none-eabi/12.3.1/../../../../arm-none-eabi/lib/thumb/v7e-m+fp/hard\libc_nano.a(libc_a-mallocr.o)
 .ARM.attributes
                0x000007fb       0x34 C:/ST/STM32CubeIDE_1.16.0/STM32CubeIDE/plugins/com.st.stm32cube.ide.mcu.externaltools.gnu-tools-for-stm32.12.3.rel1.win32_1.0.200.202406191623/tools/bin/../lib/gcc/arm-none-eabi/12.3.1/../../../../arm-none-eabi/lib/thumb/v7e-m+fp/hard\libc_nano.a(libc_a-mlock.o)
 .ARM.attributes
                0x0000082f       0x22 C:/ST/STM32CubeIDE_1.16.0/STM32CubeIDE/plugins/com.st.stm32cube.ide.mcu.externaltools.gnu-tools-for-stm32.12.3.rel1.win32_1.0.200.202406191623/tools/bin/../lib/gcc/arm-none-eabi/12.3.1/thumb/v7e-m+fp/hard\libgcc.a(_aeabi_uldivmod.o)
 .ARM.attributes
                0x00000851       0x34 C:/ST/STM32CubeIDE_1.16.0/STM32CubeIDE/plugins/com.st.stm32cube.ide.mcu.externaltools.gnu-tools-for-stm32.12.3.rel1.win32_1.0.200.202406191623/tools/bin/../lib/gcc/arm-none-eabi/12.3.1/thumb/v7e-m+fp/hard\libgcc.a(_udivmoddi4.o)
 .ARM.attributes
                0x00000885       0x22 C:/ST/STM32CubeIDE_1.16.0/STM32CubeIDE/plugins/com.st.stm32cube.ide.mcu.externaltools.gnu-tools-for-stm32.12.3.rel1.win32_1.0.200.202406191623/tools/bin/../lib/gcc/arm-none-eabi/12.3.1/thumb/v7e-m+fp/hard\libgcc.a(_dvmd_tls.o)
 .ARM.attributes
                0x000008a7       0x22 C:/ST/STM32CubeIDE_1.16.0/STM32CubeIDE/plugins/com.st.stm32cube.ide.mcu.externaltools.gnu-tools-for-stm32.12.3.rel1.win32_1.0.200.202406191623/tools/bin/../lib/gcc/arm-none-eabi/12.3.1/thumb/v7e-m+fp/hard/crtn.o
OUTPUT(traffic_RTOS.elf elf32-littlearm)
LOAD linker stubs
LOAD C:/ST/STM32CubeIDE_1.16.0/STM32CubeIDE/plugins/com.st.stm32cube.ide.mcu.externaltools.gnu-tools-for-stm32.12.3.rel1.win32_1.0.200.202406191623/tools/bin/../lib/gcc/arm-none-eabi/12.3.1/../../../../arm-none-eabi/lib/thumb/v7e-m+fp/hard\libc.a
LOAD C:/ST/STM32CubeIDE_1.16.0/STM32CubeIDE/plugins/com.st.stm32cube.ide.mcu.externaltools.gnu-tools-for-stm32.12.3.rel1.win32_1.0.200.202406191623/tools/bin/../lib/gcc/arm-none-eabi/12.3.1/../../../../arm-none-eabi/lib/thumb/v7e-m+fp/hard\libm.a
LOAD C:/ST/STM32CubeIDE_1.16.0/STM32CubeIDE/plugins/com.st.stm32cube.ide.mcu.externaltools.gnu-tools-for-stm32.12.3.rel1.win32_1.0.200.202406191623/tools/bin/../lib/gcc/arm-none-eabi/12.3.1/thumb/v7e-m+fp/hard\libgcc.a

.debug_info     0x00000000    0x1ba74
 .debug_info    0x00000000     0x12ab ./Core/Src/freertos.o
 .debug_info    0x000012ab      0x417 ./Core/Src/gpio.o
 .debug_info    0x000016c2      0xee6 ./Core/Src/main.o
 .debug_info    0x000025a8      0x449 ./Core/Src/stm32f4xx_hal_msp.o
 .debug_info    0x000029f1      0xb7d ./Core/Src/stm32f4xx_hal_timebase_tim.o
 .debug_info    0x0000356e      0x967 ./Core/Src/stm32f4xx_it.o
 .debug_info    0x00003ed5      0x53e ./Core/Src/system_stm32f4xx.o
 .debug_info    0x00004413      0xea3 ./Core/Src/tim.o
 .debug_info    0x000052b6      0xb80 ./Core/Src/usart.o
 .debug_info    0x00005e36       0x30 ./Core/Startup/startup_stm32f401rctx.o
 .debug_info    0x00005e66      0x8bb ./Drivers/STM32F4xx_HAL_Driver/stm32f4xx_hal.o
 .debug_info    0x00006721      0xcf6 ./Drivers/STM32F4xx_HAL_Driver/stm32f4xx_hal_cortex.o
 .debug_info    0x00007417      0x8e6 ./Drivers/STM32F4xx_HAL_Driver/stm32f4xx_hal_dma.o
 .debug_info    0x00007cfd      0x6f9 ./Drivers/STM32F4xx_HAL_Driver/stm32f4xx_hal_gpio.o
 .debug_info    0x000083f6      0x8f1 ./Drivers/STM32F4xx_HAL_Driver/stm32f4xx_hal_rcc.o
 .debug_info    0x00008ce7     0x2996 ./Drivers/STM32F4xx_HAL_Driver/stm32f4xx_hal_tim.o
 .debug_info    0x0000b67d     0x14d4 ./Drivers/STM32F4xx_HAL_Driver/stm32f4xx_hal_tim_ex.o
 .debug_info    0x0000cb51     0x2f56 ./Drivers/STM32F4xx_HAL_Driver/stm32f4xx_hal_uart.o
 .debug_info    0x0000faa7      0x275 ./HAL/7_segment/Segment.o
 .debug_info    0x0000fd1c      0x1de ./HAL/7_segment/Segment_cfg.o
 .debug_info    0x0000fefa      0x883 ./HAL/servo_motor/servo.o
 .debug_info    0x0001077d      0x698 ./HAL/servo_motor/servo_cfg.o
 .debug_info    0x00010e15     0x4073 ./Middlewares/FreeRTOS/cmsis_os2.o
 .debug_info    0x00014e88      0x4d5 ./Middlewares/FreeRTOS/heap_4.o
 .debug_info    0x0001535d      0x2af ./Middlewares/FreeRTOS/list.o
 .debug_info    0x0001560c      0x4de ./Middlewares/FreeRTOS/port.o
 .debug_info    0x00015aea     0x1b79 ./Middlewares/FreeRTOS/queue.o
 .debug_info    0x00017663     0x28c1 ./Middlewares/FreeRTOS/tasks.o
 .debug_info    0x00019f24     0x1b50 ./Middlewares/FreeRTOS/timers.o

.debug_abbrev   0x00000000     0x3fd9
 .debug_abbrev  0x00000000      0x246 ./Core/Src/freertos.o
 .debug_abbrev  0x00000246      0x151 ./Core/Src/gpio.o
 .debug_abbrev  0x00000397      0x275 ./Core/Src/main.o
 .debug_abbrev  0x0000060c      0x119 ./Core/Src/stm32f4xx_hal_msp.o
 .debug_abbrev  0x00000725      0x207 ./Core/Src/stm32f4xx_hal_timebase_tim.o
 .debug_abbrev  0x0000092c      0x19c ./Core/Src/stm32f4xx_it.o
 .debug_abbrev  0x00000ac8      0x11a ./Core/Src/system_stm32f4xx.o
 .debug_abbrev  0x00000be2      0x21d ./Core/Src/tim.o
 .debug_abbrev  0x00000dff      0x21d ./Core/Src/usart.o
 .debug_abbrev  0x0000101c       0x24 ./Core/Startup/startup_stm32f401rctx.o
 .debug_abbrev  0x00001040      0x24b ./Drivers/STM32F4xx_HAL_Driver/stm32f4xx_hal.o
 .debug_abbrev  0x0000128b      0x31d ./Drivers/STM32F4xx_HAL_Driver/stm32f4xx_hal_cortex.o
 .debug_abbrev  0x000015a8      0x221 ./Drivers/STM32F4xx_HAL_Driver/stm32f4xx_hal_dma.o
 .debug_abbrev  0x000017c9      0x1d3 ./Drivers/STM32F4xx_HAL_Driver/stm32f4xx_hal_gpio.o
 .debug_abbrev  0x0000199c      0x2b6 ./Drivers/STM32F4xx_HAL_Driver/stm32f4xx_hal_rcc.o
 .debug_abbrev  0x00001c52      0x28b ./Drivers/STM32F4xx_HAL_Driver/stm32f4xx_hal_tim.o
 .debug_abbrev  0x00001edd      0x296 ./Drivers/STM32F4xx_HAL_Driver/stm32f4xx_hal_tim_ex.o
 .debug_abbrev  0x00002173      0x31b ./Drivers/STM32F4xx_HAL_Driver/stm32f4xx_hal_uart.o
 .debug_abbrev  0x0000248e      0x14c ./HAL/7_segment/Segment.o
 .debug_abbrev  0x000025da       0xfa ./HAL/7_segment/Segment_cfg.o
 .debug_abbrev  0x000026d4      0x1d8 ./HAL/servo_motor/servo.o
 .debug_abbrev  0x000028ac      0x15b ./HAL/servo_motor/servo_cfg.o
 .debug_abbrev  0x00002a07      0x548 ./Middlewares/FreeRTOS/cmsis_os2.o
 .debug_abbrev  0x00002f4f      0x21d ./Middlewares/FreeRTOS/heap_4.o
 .debug_abbrev  0x0000316c       0xf5 ./Middlewares/FreeRTOS/list.o
 .debug_abbrev  0x00003261      0x25c ./Middlewares/FreeRTOS/port.o
 .debug_abbrev  0x000034bd      0x3b6 ./Middlewares/FreeRTOS/queue.o
 .debug_abbrev  0x00003873      0x3fe ./Middlewares/FreeRTOS/tasks.o
 .debug_abbrev  0x00003c71      0x368 ./Middlewares/FreeRTOS/timers.o

.debug_aranges  0x00000000     0x15b0
 .debug_aranges
                0x00000000       0x50 ./Core/Src/freertos.o
 .debug_aranges
                0x00000050       0x20 ./Core/Src/gpio.o
 .debug_aranges
                0x00000070       0x38 ./Core/Src/main.o
 .debug_aranges
                0x000000a8       0x20 ./Core/Src/stm32f4xx_hal_msp.o
 .debug_aranges
                0x000000c8       0x30 ./Core/Src/stm32f4xx_hal_timebase_tim.o
 .debug_aranges
                0x000000f8       0x60 ./Core/Src/stm32f4xx_it.o
 .debug_aranges
                0x00000158       0x28 ./Core/Src/system_stm32f4xx.o
 .debug_aranges
                0x00000180       0x38 ./Core/Src/tim.o
 .debug_aranges
                0x000001b8       0x38 ./Core/Src/usart.o
 .debug_aranges
                0x000001f0       0x28 ./Core/Startup/startup_stm32f401rctx.o
 .debug_aranges
                0x00000218       0xf0 ./Drivers/STM32F4xx_HAL_Driver/stm32f4xx_hal.o
 .debug_aranges
                0x00000308      0x130 ./Drivers/STM32F4xx_HAL_Driver/stm32f4xx_hal_cortex.o
 .debug_aranges
                0x00000438       0x90 ./Drivers/STM32F4xx_HAL_Driver/stm32f4xx_hal_dma.o
 .debug_aranges
                0x000004c8       0x58 ./Drivers/STM32F4xx_HAL_Driver/stm32f4xx_hal_gpio.o
 .debug_aranges
                0x00000520       0x88 ./Drivers/STM32F4xx_HAL_Driver/stm32f4xx_hal_rcc.o
 .debug_aranges
                0x000005a8      0x3d0 ./Drivers/STM32F4xx_HAL_Driver/stm32f4xx_hal_tim.o
 .debug_aranges
                0x00000978      0x168 ./Drivers/STM32F4xx_HAL_Driver/stm32f4xx_hal_tim_ex.o
 .debug_aranges
                0x00000ae0      0x208 ./Drivers/STM32F4xx_HAL_Driver/stm32f4xx_hal_uart.o
 .debug_aranges
                0x00000ce8       0x20 ./HAL/7_segment/Segment.o
 .debug_aranges
                0x00000d08       0x18 ./HAL/7_segment/Segment_cfg.o
 .debug_aranges
                0x00000d20       0x60 ./HAL/servo_motor/servo.o
 .debug_aranges
                0x00000d80       0x18 ./HAL/servo_motor/servo_cfg.o
 .debug_aranges
                0x00000d98      0x2b0 ./Middlewares/FreeRTOS/cmsis_os2.o
 .debug_aranges
                0x00001048       0x58 ./Middlewares/FreeRTOS/heap_4.o
 .debug_aranges
                0x000010a0       0x40 ./Middlewares/FreeRTOS/list.o
 .debug_aranges
                0x000010e0       0x80 ./Middlewares/FreeRTOS/port.o
 .debug_aranges
                0x00001160      0x158 ./Middlewares/FreeRTOS/queue.o
 .debug_aranges
                0x000012b8      0x208 ./Middlewares/FreeRTOS/tasks.o
 .debug_aranges
                0x000014c0       0xf0 ./Middlewares/FreeRTOS/timers.o

.debug_rnglists
                0x00000000     0x10a4
 .debug_rnglists
                0x00000000       0x3b ./Core/Src/freertos.o
 .debug_rnglists
                0x0000003b       0x14 ./Core/Src/gpio.o
 .debug_rnglists
                0x0000004f       0x26 ./Core/Src/main.o
 .debug_rnglists
                0x00000075       0x13 ./Core/Src/stm32f4xx_hal_msp.o
 .debug_rnglists
                0x00000088       0x20 ./Core/Src/stm32f4xx_hal_timebase_tim.o
 .debug_rnglists
                0x000000a8       0x43 ./Core/Src/stm32f4xx_it.o
 .debug_rnglists
                0x000000eb       0x1a ./Core/Src/system_stm32f4xx.o
 .debug_rnglists
                0x00000105       0x26 ./Core/Src/tim.o
 .debug_rnglists
                0x0000012b       0x26 ./Core/Src/usart.o
 .debug_rnglists
                0x00000151       0x19 ./Core/Startup/startup_stm32f401rctx.o
 .debug_rnglists
                0x0000016a       0xaf ./Drivers/STM32F4xx_HAL_Driver/stm32f4xx_hal.o
 .debug_rnglists
                0x00000219       0xe0 ./Drivers/STM32F4xx_HAL_Driver/stm32f4xx_hal_cortex.o
 .debug_rnglists
                0x000002f9       0x70 ./Drivers/STM32F4xx_HAL_Driver/stm32f4xx_hal_dma.o
 .debug_rnglists
                0x00000369       0x3f ./Drivers/STM32F4xx_HAL_Driver/stm32f4xx_hal_gpio.o
 .debug_rnglists
                0x000003a8       0x66 ./Drivers/STM32F4xx_HAL_Driver/stm32f4xx_hal_rcc.o
 .debug_rnglists
                0x0000040e      0x31a ./Drivers/STM32F4xx_HAL_Driver/stm32f4xx_hal_tim.o
 .debug_rnglists
                0x00000728      0x125 ./Drivers/STM32F4xx_HAL_Driver/stm32f4xx_hal_tim_ex.o
 .debug_rnglists
                0x0000084d      0x1bc ./Drivers/STM32F4xx_HAL_Driver/stm32f4xx_hal_uart.o
 .debug_rnglists
                0x00000a09       0x13 ./HAL/7_segment/Segment.o
 .debug_rnglists
                0x00000a1c       0x4b ./HAL/servo_motor/servo.o
 .debug_rnglists
                0x00000a67      0x212 ./Middlewares/FreeRTOS/cmsis_os2.o
 .debug_rnglists
                0x00000c79       0x42 ./Middlewares/FreeRTOS/heap_4.o
 .debug_rnglists
                0x00000cbb       0x2b ./Middlewares/FreeRTOS/list.o
 .debug_rnglists
                0x00000ce6       0x5d ./Middlewares/FreeRTOS/port.o
 .debug_rnglists
                0x00000d43      0x109 ./Middlewares/FreeRTOS/queue.o
 .debug_rnglists
                0x00000e4c      0x1a0 ./Middlewares/FreeRTOS/tasks.o
 .debug_rnglists
                0x00000fec       0xb8 ./Middlewares/FreeRTOS/timers.o

.debug_macro    0x00000000    0x19b9c
 .debug_macro   0x00000000      0x425 ./Core/Src/freertos.o
 .debug_macro   0x00000425      0xab4 ./Core/Src/freertos.o
 .debug_macro   0x00000ed9      0x189 ./Core/Src/freertos.o
 .debug_macro   0x00001062       0x22 ./Core/Src/freertos.o
 .debug_macro   0x00001084       0x8e ./Core/Src/freertos.o
 .debug_macro   0x00001112       0x51 ./Core/Src/freertos.o
 .debug_macro   0x00001163      0x103 ./Core/Src/freertos.o
 .debug_macro   0x00001266       0x6a ./Core/Src/freertos.o
 .debug_macro   0x000012d0      0x1df ./Core/Src/freertos.o
 .debug_macro   0x000014af      0x16f ./Core/Src/freertos.o
 .debug_macro   0x0000161e      0x15a ./Core/Src/freertos.o
 .debug_macro   0x00001778       0xc9 ./Core/Src/freertos.o
 .debug_macro   0x00001841       0x1c ./Core/Src/freertos.o
 .debug_macro   0x0000185d       0x26 ./Core/Src/freertos.o
 .debug_macro   0x00001883       0x61 ./Core/Src/freertos.o
 .debug_macro   0x000018e4       0x2a ./Core/Src/freertos.o
 .debug_macro   0x0000190e       0x43 ./Core/Src/freertos.o
 .debug_macro   0x00001951       0x34 ./Core/Src/freertos.o
 .debug_macro   0x00001985       0x16 ./Core/Src/freertos.o
 .debug_macro   0x0000199b       0x43 ./Core/Src/freertos.o
 .debug_macro   0x000019de       0x34 ./Core/Src/freertos.o
 .debug_macro   0x00001a12       0x10 ./Core/Src/freertos.o
 .debug_macro   0x00001a22       0x58 ./Core/Src/freertos.o
 .debug_macro   0x00001a7a       0x8e ./Core/Src/freertos.o
 .debug_macro   0x00001b08       0x1c ./Core/Src/freertos.o
 .debug_macro   0x00001b24      0x177 ./Core/Src/freertos.o
 .debug_macro   0x00001c9b       0x10 ./Core/Src/freertos.o
 .debug_macro   0x00001cab       0x35 ./Core/Src/freertos.o
 .debug_macro   0x00001ce0      0x4bf ./Core/Src/freertos.o
 .debug_macro   0x0000219f       0xb5 ./Core/Src/freertos.o
 .debug_macro   0x00002254       0xaa ./Core/Src/freertos.o
 .debug_macro   0x000022fe      0x29b ./Core/Src/freertos.o
 .debug_macro   0x00002599       0x2e ./Core/Src/freertos.o
 .debug_macro   0x000025c7       0x28 ./Core/Src/freertos.o
 .debug_macro   0x000025ef       0x1c ./Core/Src/freertos.o
 .debug_macro   0x0000260b       0x22 ./Core/Src/freertos.o
 .debug_macro   0x0000262d       0xfb ./Core/Src/freertos.o
 .debug_macro   0x00002728     0x1011 ./Core/Src/freertos.o
 .debug_macro   0x00003739      0x11f ./Core/Src/freertos.o
 .debug_macro   0x00003858     0xb86c ./Core/Src/freertos.o
 .debug_macro   0x0000f0c4       0x6d ./Core/Src/freertos.o
 .debug_macro   0x0000f131     0x369a ./Core/Src/freertos.o
 .debug_macro   0x000127cb       0x5c ./Core/Src/freertos.o
 .debug_macro   0x00012827      0x416 ./Core/Src/freertos.o
 .debug_macro   0x00012c3d      0x9e9 ./Core/Src/freertos.o
 .debug_macro   0x00013626      0x115 ./Core/Src/freertos.o
 .debug_macro   0x0001373b       0xf8 ./Core/Src/freertos.o
 .debug_macro   0x00013833       0xa5 ./Core/Src/freertos.o
 .debug_macro   0x000138d8      0x15f ./Core/Src/freertos.o
 .debug_macro   0x00013a37      0x287 ./Core/Src/freertos.o
 .debug_macro   0x00013cbe       0x5f ./Core/Src/freertos.o
 .debug_macro   0x00013d1d      0x236 ./Core/Src/freertos.o
 .debug_macro   0x00013f53      0x132 ./Core/Src/freertos.o
 .debug_macro   0x00014085      0x23a ./Core/Src/freertos.o
 .debug_macro   0x000142bf       0x2e ./Core/Src/freertos.o
 .debug_macro   0x000142ed      0x127 ./Core/Src/freertos.o
 .debug_macro   0x00014414       0x85 ./Core/Src/freertos.o
 .debug_macro   0x00014499       0x89 ./Core/Src/freertos.o
 .debug_macro   0x00014522      0x8ed ./Core/Src/freertos.o
 .debug_macro   0x00014e0f       0x47 ./Core/Src/freertos.o
 .debug_macro   0x00014e56      0x2aa ./Core/Src/freertos.o
 .debug_macro   0x00015100      0x126 ./Core/Src/freertos.o
 .debug_macro   0x00015226       0xac ./Core/Src/freertos.o
 .debug_macro   0x000152d2       0x6c ./Core/Src/freertos.o
 .debug_macro   0x0001533e       0x74 ./Core/Src/freertos.o
 .debug_macro   0x000153b2       0xdd ./Core/Src/freertos.o
 .debug_macro   0x0001548f      0x369 ./Core/Src/freertos.o
 .debug_macro   0x000157f8       0x10 ./Core/Src/freertos.o
 .debug_macro   0x00015808       0x10 ./Core/Src/freertos.o
 .debug_macro   0x00015818       0x10 ./Core/Src/freertos.o
 .debug_macro   0x00015828       0x10 ./Core/Src/freertos.o
 .debug_macro   0x00015838       0x1c ./Core/Src/freertos.o
 .debug_macro   0x00015854       0x52 ./Core/Src/freertos.o
 .debug_macro   0x000158a6       0x22 ./Core/Src/freertos.o
 .debug_macro   0x000158c8       0x10 ./Core/Src/freertos.o
 .debug_macro   0x000158d8       0x52 ./Core/Src/freertos.o
 .debug_macro   0x0001592a       0xcf ./Core/Src/freertos.o
 .debug_macro   0x000159f9       0x1c ./Core/Src/freertos.o
 .debug_macro   0x00015a15       0x3d ./Core/Src/freertos.o
 .debug_macro   0x00015a52       0x35 ./Core/Src/freertos.o
 .debug_macro   0x00015a87       0x87 ./Core/Src/freertos.o
 .debug_macro   0x00015b0e      0x1e7 ./Core/Src/gpio.o
 .debug_macro   0x00015cf5      0x418 ./Core/Src/main.o
 .debug_macro   0x0001610d      0x16f ./Core/Src/main.o
 .debug_macro   0x0001627c       0x66 ./Core/Src/main.o
 .debug_macro   0x000162e2      0x1dd ./Core/Src/stm32f4xx_hal_msp.o
 .debug_macro   0x000164bf      0x1ce ./Core/Src/stm32f4xx_hal_timebase_tim.o
 .debug_macro   0x0001668d      0x1e7 ./Core/Src/stm32f4xx_it.o
 .debug_macro   0x00016874      0x1ce ./Core/Src/system_stm32f4xx.o
 .debug_macro   0x00016a42      0x1e7 ./Core/Src/tim.o
 .debug_macro   0x00016c29      0x1e7 ./Core/Src/usart.o
 .debug_macro   0x00016e10      0x22e ./Drivers/STM32F4xx_HAL_Driver/stm32f4xx_hal.o
 .debug_macro   0x0001703e      0x1ce ./Drivers/STM32F4xx_HAL_Driver/stm32f4xx_hal_cortex.o
 .debug_macro   0x0001720c      0x1d4 ./Drivers/STM32F4xx_HAL_Driver/stm32f4xx_hal_dma.o
 .debug_macro   0x000173e0      0x1d4 ./Drivers/STM32F4xx_HAL_Driver/stm32f4xx_hal_gpio.o
 .debug_macro   0x000175b4      0x1f2 ./Drivers/STM32F4xx_HAL_Driver/stm32f4xx_hal_rcc.o
 .debug_macro   0x000177a6      0x1cf ./Drivers/STM32F4xx_HAL_Driver/stm32f4xx_hal_tim.o
 .debug_macro   0x00017975      0x1ce ./Drivers/STM32F4xx_HAL_Driver/stm32f4xx_hal_tim_ex.o
 .debug_macro   0x00017b43      0x1cf ./Drivers/STM32F4xx_HAL_Driver/stm32f4xx_hal_uart.o
 .debug_macro   0x00017d12      0x1e2 ./HAL/7_segment/Segment.o
 .debug_macro   0x00017ef4      0x1f2 ./HAL/7_segment/Segment_cfg.o
 .debug_macro   0x000180e6      0x335 ./HAL/servo_motor/servo.o
 .debug_macro   0x0001841b      0x33f ./HAL/servo_motor/servo_cfg.o
 .debug_macro   0x0001875a      0x3d7 ./Middlewares/FreeRTOS/cmsis_os2.o
 .debug_macro   0x00018b31       0x10 ./Middlewares/FreeRTOS/cmsis_os2.o
 .debug_macro   0x00018b41       0x20 ./Middlewares/FreeRTOS/cmsis_os2.o
 .debug_macro   0x00018b61       0x10 ./Middlewares/FreeRTOS/cmsis_os2.o
 .debug_macro   0x00018b71       0xf5 ./Middlewares/FreeRTOS/cmsis_os2.o
 .debug_macro   0x00018c66       0x16 ./Middlewares/FreeRTOS/cmsis_os2.o
 .debug_macro   0x00018c7c       0x91 ./Middlewares/FreeRTOS/cmsis_os2.o
 .debug_macro   0x00018d0d       0x8d ./Middlewares/FreeRTOS/cmsis_os2.o
 .debug_macro   0x00018d9a       0x9a ./Middlewares/FreeRTOS/cmsis_os2.o
 .debug_macro   0x00018e34       0x22 ./Middlewares/FreeRTOS/cmsis_os2.o
 .debug_macro   0x00018e56       0x56 ./Middlewares/FreeRTOS/cmsis_os2.o
 .debug_macro   0x00018eac      0x1c0 ./Middlewares/FreeRTOS/heap_4.o
 .debug_macro   0x0001906c      0x199 ./Middlewares/FreeRTOS/list.o
 .debug_macro   0x00019205      0x233 ./Middlewares/FreeRTOS/port.o
 .debug_macro   0x00019438      0x228 ./Middlewares/FreeRTOS/queue.o
 .debug_macro   0x00019660       0x16 ./Middlewares/FreeRTOS/queue.o
 .debug_macro   0x00019676      0x291 ./Middlewares/FreeRTOS/tasks.o
 .debug_macro   0x00019907       0x10 ./Middlewares/FreeRTOS/tasks.o
 .debug_macro   0x00019917      0x1ee ./Middlewares/FreeRTOS/timers.o
 .debug_macro   0x00019b05       0x97 ./Middlewares/FreeRTOS/timers.o

.debug_line     0x00000000    0x1c7e8
 .debug_line    0x00000000      0xf05 ./Core/Src/freertos.o
 .debug_line    0x00000f05      0x82d ./Core/Src/gpio.o
 .debug_line    0x00001732      0xd37 ./Core/Src/main.o
 .debug_line    0x00002469      0x808 ./Core/Src/stm32f4xx_hal_msp.o
 .debug_line    0x00002c71      0x882 ./Core/Src/stm32f4xx_hal_timebase_tim.o
 .debug_line    0x000034f3      0x8d3 ./Core/Src/stm32f4xx_it.o
 .debug_line    0x00003dc6      0x88b ./Core/Src/system_stm32f4xx.o
 .debug_line    0x00004651      0x8f2 ./Core/Src/tim.o
 .debug_line    0x00004f43      0x8dd ./Core/Src/usart.o
 .debug_line    0x00005820       0x7a ./Core/Startup/startup_stm32f401rctx.o
 .debug_line    0x0000589a      0xb22 ./Drivers/STM32F4xx_HAL_Driver/stm32f4xx_hal.o
 .debug_line    0x000063bc      0xe14 ./Drivers/STM32F4xx_HAL_Driver/stm32f4xx_hal_cortex.o
 .debug_line    0x000071d0     0x1092 ./Drivers/STM32F4xx_HAL_Driver/stm32f4xx_hal_dma.o
 .debug_line    0x00008262      0xc72 ./Drivers/STM32F4xx_HAL_Driver/stm32f4xx_hal_gpio.o
 .debug_line    0x00008ed4      0xeab ./Drivers/STM32F4xx_HAL_Driver/stm32f4xx_hal_rcc.o
 .debug_line    0x00009d7f     0x36a0 ./Drivers/STM32F4xx_HAL_Driver/stm32f4xx_hal_tim.o
 .debug_line    0x0000d41f     0x1ab3 ./Drivers/STM32F4xx_HAL_Driver/stm32f4xx_hal_tim_ex.o
 .debug_line    0x0000eed2     0x29f4 ./Drivers/STM32F4xx_HAL_Driver/stm32f4xx_hal_uart.o
 .debug_line    0x000118c6      0x885 ./HAL/7_segment/Segment.o
 .debug_line    0x0001214b      0x84f ./HAL/7_segment/Segment_cfg.o
 .debug_line    0x0001299a      0xd58 ./HAL/servo_motor/servo.o
 .debug_line    0x000136f2      0xa2e ./HAL/servo_motor/servo_cfg.o
 .debug_line    0x00014120     0x24e9 ./Middlewares/FreeRTOS/cmsis_os2.o
 .debug_line    0x00016609      0xa56 ./Middlewares/FreeRTOS/heap_4.o
 .debug_line    0x0001705f      0x82b ./Middlewares/FreeRTOS/list.o
 .debug_line    0x0001788a      0x9c6 ./Middlewares/FreeRTOS/port.o
 .debug_line    0x00018250     0x17f5 ./Middlewares/FreeRTOS/queue.o
 .debug_line    0x00019a45     0x1ef0 ./Middlewares/FreeRTOS/tasks.o
 .debug_line    0x0001b935      0xeb3 ./Middlewares/FreeRTOS/timers.o

.debug_str      0x00000000    0x98dca
 .debug_str     0x00000000    0x8ffd0 ./Core/Src/freertos.o
                              0x903c5 (size before relaxing)
 .debug_str     0x0008ffd0      0x180 ./Core/Src/gpio.o
                              0x86765 (size before relaxing)
 .debug_str     0x00090150      0x262 ./Core/Src/main.o
                              0x8f672 (size before relaxing)
 .debug_str     0x000903b2      0x3cd ./Core/Src/stm32f4xx_hal_msp.o
                              0x86a45 (size before relaxing)
 .debug_str     0x0009077f       0xfe ./Core/Src/stm32f4xx_hal_timebase_tim.o
                              0x86e08 (size before relaxing)
 .debug_str     0x0009087d       0xf4 ./Core/Src/stm32f4xx_it.o
                              0x86d9e (size before relaxing)
 .debug_str     0x00090971       0xdb ./Core/Src/system_stm32f4xx.o
                              0x86473 (size before relaxing)
 .debug_str     0x00090a4c      0x29e ./Core/Src/tim.o
                              0x87312 (size before relaxing)
 .debug_str     0x00090cea       0x61 ./Core/Src/usart.o
                              0x8700f (size before relaxing)
 .debug_str     0x00090d4b       0x44 ./Core/Startup/startup_stm32f401rctx.o
                                 0x7b (size before relaxing)
 .debug_str     0x00090d8f      0x601 ./Drivers/STM32F4xx_HAL_Driver/stm32f4xx_hal.o
                              0x86ec3 (size before relaxing)
 .debug_str     0x00091390      0x390 ./Drivers/STM32F4xx_HAL_Driver/stm32f4xx_hal_cortex.o
                              0x86c2d (size before relaxing)
 .debug_str     0x00091720      0x34b ./Drivers/STM32F4xx_HAL_Driver/stm32f4xx_hal_dma.o
                              0x868a9 (size before relaxing)
 .debug_str     0x00091a6b      0x13e ./Drivers/STM32F4xx_HAL_Driver/stm32f4xx_hal_gpio.o
                              0x8661c (size before relaxing)
 .debug_str     0x00091ba9      0x22b ./Drivers/STM32F4xx_HAL_Driver/stm32f4xx_hal_rcc.o
                              0x868d5 (size before relaxing)
 .debug_str     0x00091dd4      0xd5b ./Drivers/STM32F4xx_HAL_Driver/stm32f4xx_hal_tim.o
                              0x87819 (size before relaxing)
 .debug_str     0x00092b2f      0x40f ./Drivers/STM32F4xx_HAL_Driver/stm32f4xx_hal_tim_ex.o
                              0x87025 (size before relaxing)
 .debug_str     0x00092f3e      0x5ec ./Drivers/STM32F4xx_HAL_Driver/stm32f4xx_hal_uart.o
                              0x86ea4 (size before relaxing)
 .debug_str     0x0009352a       0x1b ./HAL/7_segment/Segment.o
                              0x863d1 (size before relaxing)
 .debug_str     0x00093545       0x38 ./HAL/7_segment/Segment_cfg.o
                              0x8639d (size before relaxing)
 .debug_str     0x0009357d       0xe9 ./HAL/servo_motor/servo.o
                              0x8a4dc (size before relaxing)
 .debug_str     0x00093666       0x1f ./HAL/servo_motor/servo_cfg.o
                              0x8a37c (size before relaxing)
 .debug_str     0x00093685     0x2aba ./Middlewares/FreeRTOS/cmsis_os2.o
                              0x91285 (size before relaxing)
 .debug_str     0x0009613f      0x4a3 ./Middlewares/FreeRTOS/heap_4.o
                               0xb46f (size before relaxing)
 .debug_str     0x000965e2      0x150 ./Middlewares/FreeRTOS/list.o
                               0xab2d (size before relaxing)
 .debug_str     0x00096732      0x84c ./Middlewares/FreeRTOS/port.o
                               0xa2e5 (size before relaxing)
 .debug_str     0x00096f7e      0x846 ./Middlewares/FreeRTOS/queue.o
                               0xc66d (size before relaxing)
 .debug_str     0x000977c4     0x1032 ./Middlewares/FreeRTOS/tasks.o
                               0xd472 (size before relaxing)
 .debug_str     0x000987f6      0x5d4 ./Middlewares/FreeRTOS/timers.o
                               0xcebe (size before relaxing)

.comment        0x00000000       0x43
 .comment       0x00000000       0x43 ./Core/Src/freertos.o